2025-07-05 21:32:28,217 - INFO - Camera recorder starting...
2025-07-05 21:32:28,226 - INFO - Starting recording: /opt/ipcamera/recordings/2025-07-05/21-32-28.mp4
2025-07-05 21:32:29,088 - INFO - Received signal 2, shutting down...
2025-07-05 21:32:29,230 - INFO - Camera recorder stopped
2025-07-05 21:37:18,053 - INFO - Camera recorder starting...
2025-07-05 21:37:18,056 - INFO - Starting recording: /opt/ipcamera/recordings/2025-07-05/21-37-18.mp4
2025-07-05 21:37:19,059 - ERROR - FFmpeg error: ffmpeg version 6.1.1-3ubuntu5 Copyright (c) 2000-2023 the FFmpeg developers
  built with gcc 13 (Ubuntu 13.2.0-23ubuntu3)
  configuration: --prefix=/usr --extra-version=3ubuntu5 --toolchain=hardened --libdir=/usr/lib/aarch64-linux-gnu --incdir=/usr/include/aarch64-linux-gnu --arch=arm64 --enable-gpl --disable-stripping --disable-omx --enable-gnutls --enable-libaom --enable-libass --enable-libbs2b --enable-libcaca --enable-libcdio --enable-libcodec2 --enable-libdav1d --enable-libflite --enable-libfontconfig --enable-libfreetype --enable-libfribidi --enable-libglslang --enable-libgme --enable-libgsm --enable-libharfbuzz --enable-libmp3lame --enable-libmysofa --enable-libopenjpeg --enable-libopenmpt --enable-libopus --enable-librubberband --enable-libshine --enable-libsnappy --enable-libsoxr --enable-libspeex --enable-libtheora --enable-libtwolame --enable-libvidstab --enable-libvorbis --enable-libvpx --enable-libwebp --enable-libx265 --enable-libxml2 --enable-libxvid --enable-libzimg --enable-openal --enable-opencl --enable-opengl --disable-sndio --enable-libdc1394 --enable-libdrm --enable-libiec61883 --enable-chromaprint --enable-frei0r --enable-ladspa --enable-libbluray --enable-libjack --enable-libpulse --enable-librabbitmq --enable-librist --enable-libsrt --enable-libssh --enable-libsvtav1 --enable-libx264 --enable-libzmq --enable-libzvbi --enable-lv2 --enable-sdl2 --enable-libplacebo --enable-librav1e --enable-pocketsphinx --enable-librsvg --enable-libjxl --enable-shared
  libavutil      58. 29.100 / 58. 29.100
  libavcodec     60. 31.102 / 60. 31.102
  libavformat    60. 16.100 / 60. 16.100
  libavdevice    60.  3.100 / 60.  3.100
  libavfilter     9. 12.100 /  9. 12.100
  libswscale      7.  5.100 /  7.  5.100
  libswresample   4. 12.100 /  4. 12.100
  libpostproc    57.  3.100 / 57.  3.100
[tcp @ 0xaaaaea03cd70] Connection to tcp://192.168.1.18:554?timeout=0 failed: Network is unreachable
[in#0 @ 0xaaaaea086f10] Error opening input: Network is unreachable
Error opening input file rtsp://192.168.1.18:554/1/h264major.
Error opening input files: Network is unreachable

2025-07-05 21:37:19,061 - WARNING - Recording failed, retrying in 30 seconds...
2025-07-05 21:37:26,622 - INFO - Received signal 2, shutting down...
2025-07-05 21:37:32,259 - INFO - Received signal 2, shutting down...
2025-07-05 21:37:32,767 - INFO - Received signal 2, shutting down...
2025-07-05 21:39:46,784 - INFO - Camera recorder starting...
2025-07-05 21:39:46,786 - INFO - Starting recording: /opt/ipcamera/recordings/2025-07-05/21-39-46.mp4
2025-07-05 21:39:57,445 - INFO - Received signal 2, shutting down...
2025-07-05 21:39:57,792 - INFO - Camera recorder stopped
2025-07-05 21:44:42,467 - INFO - Camera recorder starting...
2025-07-05 21:44:42,469 - INFO - Starting recording: /opt/ipcamera/recordings/2025-07-05/21-44-42.mp4
2025-07-05 21:44:43,473 - ERROR - FFmpeg error: ffmpeg version 6.1.1-3ubuntu5 Copyright (c) 2000-2023 the FFmpeg developers
  built with gcc 13 (Ubuntu 13.2.0-23ubuntu3)
  configuration: --prefix=/usr --extra-version=3ubuntu5 --toolchain=hardened --libdir=/usr/lib/aarch64-linux-gnu --incdir=/usr/include/aarch64-linux-gnu --arch=arm64 --enable-gpl --disable-stripping --disable-omx --enable-gnutls --enable-libaom --enable-libass --enable-libbs2b --enable-libcaca --enable-libcdio --enable-libcodec2 --enable-libdav1d --enable-libflite --enable-libfontconfig --enable-libfreetype --enable-libfribidi --enable-libglslang --enable-libgme --enable-libgsm --enable-libharfbuzz --enable-libmp3lame --enable-libmysofa --enable-libopenjpeg --enable-libopenmpt --enable-libopus --enable-librubberband --enable-libshine --enable-libsnappy --enable-libsoxr --enable-libspeex --enable-libtheora --enable-libtwolame --enable-libvidstab --enable-libvorbis --enable-libvpx --enable-libwebp --enable-libx265 --enable-libxml2 --enable-libxvid --enable-libzimg --enable-openal --enable-opencl --enable-opengl --disable-sndio --enable-libdc1394 --enable-libdrm --enable-libiec61883 --enable-chromaprint --enable-frei0r --enable-ladspa --enable-libbluray --enable-libjack --enable-libpulse --enable-librabbitmq --enable-librist --enable-libsrt --enable-libssh --enable-libsvtav1 --enable-libx264 --enable-libzmq --enable-libzvbi --enable-lv2 --enable-sdl2 --enable-libplacebo --enable-librav1e --enable-pocketsphinx --enable-librsvg --enable-libjxl --enable-shared
  libavutil      58. 29.100 / 58. 29.100
  libavcodec     60. 31.102 / 60. 31.102
  libavformat    60. 16.100 / 60. 16.100
  libavdevice    60.  3.100 / 60.  3.100
  libavfilter     9. 12.100 /  9. 12.100
  libswscale      7.  5.100 /  7.  5.100
  libswresample   4. 12.100 /  4. 12.100
  libpostproc    57.  3.100 / 57.  3.100
[tcp @ 0xaaab012ffd70] Connection to tcp://192.168.1.18:554?timeout=0 failed: Network is unreachable
[in#0 @ 0xaaab01349f10] Error opening input: Network is unreachable
Error opening input file rtsp://192.168.1.18:554/1/h264major.
Error opening input files: Network is unreachable

2025-07-05 21:44:43,474 - WARNING - Recording failed, retrying in 30 seconds...
2025-07-05 21:44:45,058 - INFO - Received signal 2, shutting down...
2025-07-05 21:44:51,828 - INFO - Received signal 2, shutting down...
2025-07-05 21:45:06,982 - INFO - Camera recorder starting...
2025-07-05 21:45:06,983 - INFO - Starting recording: /opt/ipcamera/recordings/2025-07-05/21-45-06.mp4
2025-07-05 21:45:17,581 - INFO - Received signal 2, shutting down...
2025-07-05 21:45:17,989 - INFO - Camera recorder stopped
2025-07-05 21:47:31,718 - INFO - Camera recorder starting...
2025-07-05 21:47:31,720 - INFO - Starting recording: /opt/ipcamera/recordings/2025-07-05/21-47-31.mp4
2025-07-05 21:47:32,698 - INFO - Received signal 2, shutting down...
2025-07-05 21:47:32,757 - INFO - Camera recorder stopped
2025-07-05 21:49:10,138 - INFO - Camera recorder starting...
2025-07-05 21:49:10,141 - INFO - Starting recording: /opt/ipcamera/recordings/2025-07-05/21-49-10.mp4
2025-07-05 21:49:11,144 - ERROR - FFmpeg error: ffmpeg version 6.1.1-3ubuntu5 Copyright (c) 2000-2023 the FFmpeg developers
  built with gcc 13 (Ubuntu 13.2.0-23ubuntu3)
  configuration: --prefix=/usr --extra-version=3ubuntu5 --toolchain=hardened --libdir=/usr/lib/aarch64-linux-gnu --incdir=/usr/include/aarch64-linux-gnu --arch=arm64 --enable-gpl --disable-stripping --disable-omx --enable-gnutls --enable-libaom --enable-libass --enable-libbs2b --enable-libcaca --enable-libcdio --enable-libcodec2 --enable-libdav1d --enable-libflite --enable-libfontconfig --enable-libfreetype --enable-libfribidi --enable-libglslang --enable-libgme --enable-libgsm --enable-libharfbuzz --enable-libmp3lame --enable-libmysofa --enable-libopenjpeg --enable-libopenmpt --enable-libopus --enable-librubberband --enable-libshine --enable-libsnappy --enable-libsoxr --enable-libspeex --enable-libtheora --enable-libtwolame --enable-libvidstab --enable-libvorbis --enable-libvpx --enable-libwebp --enable-libx265 --enable-libxml2 --enable-libxvid --enable-libzimg --enable-openal --enable-opencl --enable-opengl --disable-sndio --enable-libdc1394 --enable-libdrm --enable-libiec61883 --enable-chromaprint --enable-frei0r --enable-ladspa --enable-libbluray --enable-libjack --enable-libpulse --enable-librabbitmq --enable-librist --enable-libsrt --enable-libssh --enable-libsvtav1 --enable-libx264 --enable-libzmq --enable-libzvbi --enable-lv2 --enable-sdl2 --enable-libplacebo --enable-librav1e --enable-pocketsphinx --enable-librsvg --enable-libjxl --enable-shared
  libavutil      58. 29.100 / 58. 29.100
  libavcodec     60. 31.102 / 60. 31.102
  libavformat    60. 16.100 / 60. 16.100
  libavdevice    60.  3.100 / 60.  3.100
  libavfilter     9. 12.100 /  9. 12.100
  libswscale      7.  5.100 /  7.  5.100
  libswresample   4. 12.100 /  4. 12.100
  libpostproc    57.  3.100 / 57.  3.100
[tcp @ 0xaaab09ed9d70] Connection to tcp://192.168.1.18:554?timeout=0 failed: Network is unreachable
[in#0 @ 0xaaab09f23f10] Error opening input: Network is unreachable
Error opening input file rtsp://192.168.1.18:554/1/h264major.
Error opening input files: Network is unreachable

2025-07-05 21:49:11,145 - WARNING - Recording failed, retrying in 30 seconds...
2025-07-05 21:49:24,081 - INFO - Received signal 15, shutting down...
2025-07-05 21:49:41,146 - INFO - Camera recorder stopped
2025-07-05 21:49:41,403 - INFO - Camera recorder starting...
2025-07-05 21:49:41,404 - INFO - Starting recording: /opt/ipcamera/recordings/2025-07-05/21-49-41.mp4
2025-07-05 21:49:42,407 - ERROR - FFmpeg error: ffmpeg version 6.1.1-3ubuntu5 Copyright (c) 2000-2023 the FFmpeg developers
  built with gcc 13 (Ubuntu 13.2.0-23ubuntu3)
  configuration: --prefix=/usr --extra-version=3ubuntu5 --toolchain=hardened --libdir=/usr/lib/aarch64-linux-gnu --incdir=/usr/include/aarch64-linux-gnu --arch=arm64 --enable-gpl --disable-stripping --disable-omx --enable-gnutls --enable-libaom --enable-libass --enable-libbs2b --enable-libcaca --enable-libcdio --enable-libcodec2 --enable-libdav1d --enable-libflite --enable-libfontconfig --enable-libfreetype --enable-libfribidi --enable-libglslang --enable-libgme --enable-libgsm --enable-libharfbuzz --enable-libmp3lame --enable-libmysofa --enable-libopenjpeg --enable-libopenmpt --enable-libopus --enable-librubberband --enable-libshine --enable-libsnappy --enable-libsoxr --enable-libspeex --enable-libtheora --enable-libtwolame --enable-libvidstab --enable-libvorbis --enable-libvpx --enable-libwebp --enable-libx265 --enable-libxml2 --enable-libxvid --enable-libzimg --enable-openal --enable-opencl --enable-opengl --disable-sndio --enable-libdc1394 --enable-libdrm --enable-libiec61883 --enable-chromaprint --enable-frei0r --enable-ladspa --enable-libbluray --enable-libjack --enable-libpulse --enable-librabbitmq --enable-librist --enable-libsrt --enable-libssh --enable-libsvtav1 --enable-libx264 --enable-libzmq --enable-libzvbi --enable-lv2 --enable-sdl2 --enable-libplacebo --enable-librav1e --enable-pocketsphinx --enable-librsvg --enable-libjxl --enable-shared
  libavutil      58. 29.100 / 58. 29.100
  libavcodec     60. 31.102 / 60. 31.102
  libavformat    60. 16.100 / 60. 16.100
  libavdevice    60.  3.100 / 60.  3.100
  libavfilter     9. 12.100 /  9. 12.100
  libswscale      7.  5.100 /  7.  5.100
  libswresample   4. 12.100 /  4. 12.100
  libpostproc    57.  3.100 / 57.  3.100
[tcp @ 0xaaab02e20d70] Connection to tcp://192.168.1.18:554?timeout=0 failed: Network is unreachable
[in#0 @ 0xaaab02e6af10] Error opening input: Network is unreachable
Error opening input file rtsp://192.168.1.18:554/1/h264major.
Error opening input files: Network is unreachable

2025-07-05 21:49:42,408 - WARNING - Recording failed, retrying in 30 seconds...
2025-07-05 21:50:12,412 - INFO - Starting recording: /opt/ipcamera/recordings/2025-07-05/21-50-12.mp4
2025-07-05 21:50:13,418 - ERROR - FFmpeg error: ffmpeg version 6.1.1-3ubuntu5 Copyright (c) 2000-2023 the FFmpeg developers
  built with gcc 13 (Ubuntu 13.2.0-23ubuntu3)
  configuration: --prefix=/usr --extra-version=3ubuntu5 --toolchain=hardened --libdir=/usr/lib/aarch64-linux-gnu --incdir=/usr/include/aarch64-linux-gnu --arch=arm64 --enable-gpl --disable-stripping --disable-omx --enable-gnutls --enable-libaom --enable-libass --enable-libbs2b --enable-libcaca --enable-libcdio --enable-libcodec2 --enable-libdav1d --enable-libflite --enable-libfontconfig --enable-libfreetype --enable-libfribidi --enable-libglslang --enable-libgme --enable-libgsm --enable-libharfbuzz --enable-libmp3lame --enable-libmysofa --enable-libopenjpeg --enable-libopenmpt --enable-libopus --enable-librubberband --enable-libshine --enable-libsnappy --enable-libsoxr --enable-libspeex --enable-libtheora --enable-libtwolame --enable-libvidstab --enable-libvorbis --enable-libvpx --enable-libwebp --enable-libx265 --enable-libxml2 --enable-libxvid --enable-libzimg --enable-openal --enable-opencl --enable-opengl --disable-sndio --enable-libdc1394 --enable-libdrm --enable-libiec61883 --enable-chromaprint --enable-frei0r --enable-ladspa --enable-libbluray --enable-libjack --enable-libpulse --enable-librabbitmq --enable-librist --enable-libsrt --enable-libssh --enable-libsvtav1 --enable-libx264 --enable-libzmq --enable-libzvbi --enable-lv2 --enable-sdl2 --enable-libplacebo --enable-librav1e --enable-pocketsphinx --enable-librsvg --enable-libjxl --enable-shared
  libavutil      58. 29.100 / 58. 29.100
  libavcodec     60. 31.102 / 60. 31.102
  libavformat    60. 16.100 / 60. 16.100
  libavdevice    60.  3.100 / 60.  3.100
  libavfilter     9. 12.100 /  9. 12.100
  libswscale      7.  5.100 /  7.  5.100
  libswresample   4. 12.100 /  4. 12.100
  libpostproc    57.  3.100 / 57.  3.100
[tcp @ 0xaaaae67f6d70] Connection to tcp://192.168.1.18:554?timeout=0 failed: Network is unreachable
[in#0 @ 0xaaaae6840f10] Error opening input: Network is unreachable
Error opening input file rtsp://192.168.1.18:554/1/h264major.
Error opening input files: Network is unreachable

2025-07-05 21:50:13,419 - WARNING - Recording failed, retrying in 30 seconds...
2025-07-05 21:50:43,423 - INFO - Starting recording: /opt/ipcamera/recordings/2025-07-05/21-50-43.mp4
2025-07-05 21:54:27,388 - INFO - Received signal 15, shutting down...
2025-07-05 21:54:27,605 - INFO - Camera recorder stopped
2025-07-05 21:55:55,624 - INFO - Camera recorder starting...
2025-07-05 21:55:55,627 - INFO - Starting recording: /opt/ipcamera/recordings/2025-07-05/21-55-55.mp4
2025-07-05 21:56:06,632 - ERROR - FFmpeg error: ffmpeg version 6.1.1-3ubuntu5 Copyright (c) 2000-2023 the FFmpeg developers
  built with gcc 13 (Ubuntu 13.2.0-23ubuntu3)
  configuration: --prefix=/usr --extra-version=3ubuntu5 --toolchain=hardened --libdir=/usr/lib/aarch64-linux-gnu --incdir=/usr/include/aarch64-linux-gnu --arch=arm64 --enable-gpl --disable-stripping --disable-omx --enable-gnutls --enable-libaom --enable-libass --enable-libbs2b --enable-libcaca --enable-libcdio --enable-libcodec2 --enable-libdav1d --enable-libflite --enable-libfontconfig --enable-libfreetype --enable-libfribidi --enable-libglslang --enable-libgme --enable-libgsm --enable-libharfbuzz --enable-libmp3lame --enable-libmysofa --enable-libopenjpeg --enable-libopenmpt --enable-libopus --enable-librubberband --enable-libshine --enable-libsnappy --enable-libsoxr --enable-libspeex --enable-libtheora --enable-libtwolame --enable-libvidstab --enable-libvorbis --enable-libvpx --enable-libwebp --enable-libx265 --enable-libxml2 --enable-libxvid --enable-libzimg --enable-openal --enable-opencl --enable-opengl --disable-sndio --enable-libdc1394 --enable-libdrm --enable-libiec61883 --enable-chromaprint --enable-frei0r --enable-ladspa --enable-libbluray --enable-libjack --enable-libpulse --enable-librabbitmq --enable-librist --enable-libsrt --enable-libssh --enable-libsvtav1 --enable-libx264 --enable-libzmq --enable-libzvbi --enable-lv2 --enable-sdl2 --enable-libplacebo --enable-librav1e --enable-pocketsphinx --enable-librsvg --enable-libjxl --enable-shared
  libavutil      58. 29.100 / 58. 29.100
  libavcodec     60. 31.102 / 60. 31.102
  libavformat    60. 16.100 / 60. 16.100
  libavdevice    60.  3.100 / 60.  3.100
  libavfilter     9. 12.100 /  9. 12.100
  libswscale      7.  5.100 /  7.  5.100
  libswresample   4. 12.100 /  4. 12.100
  libpostproc    57.  3.100 / 57.  3.100
Input #0, rtsp, from 'rtsp://192.168.1.18:554/1/h264major':
  Metadata:
    title           : h264major
    comment         : h264major
  Duration: N/A, start: 0.239000, bitrate: N/A
  Stream #0:0: Video: h264 (Main), yuvj420p(pc, bt709, progressive), 1920x1080, 5 fps, 45 tbr, 90k tbn
Output #0, mp4, to '/opt/ipcamera/recordings/2025-07-05/21-55-55.mp4':
  Metadata:
    title           : h264major
    comment         : h264major
    encoder         : Lavf60.16.100
  Stream #0:0: Video: h264 (Main) (avc1 / 0x31637661), yuvj420p(pc, bt709, progressive), 1920x1080, q=2-31, 5 fps, 45 tbr, 90k tbn
Stream mapping:
  Stream #0:0 -> #0:0 (copy)
Press [q] to stop, [?] for help
size=       0kB time=00:00:00.00 bitrate=N/A speed=N/A    
[mp4 @ 0xaaaabff78120] Timestamps are unset in a packet for stream 0. This is deprecated and will stop working in the future. Fix your code to set the timestamps properly
[mp4 @ 0xaaaabff78120] Non-monotonic DTS in output stream 0:0; previous: 0, current: 0; changing to 1. This may result in incorrect timestamps in the output file.
size=    1280kB time=00:00:06.08 bitrate=1722.4kbits/s speed=10.2x    
size=    1536kB time=00:00:06.68 bitrate=1881.5kbits/s speed=5.63x    
size=    1536kB time=00:00:07.28 bitrate=1726.6kbits/s speed=4.08x    
size=    1792kB time=00:00:07.88 bitrate=1861.1kbits/s speed= 3.3x    
size=    1792kB time=00:00:08.48 bitrate=1729.6kbits/s speed=2.84x    
size=    2048kB time=00:00:09.08 bitrate=1846.1kbits/s speed=2.53x    
size=    2048kB time=00:00:09.68 bitrate=1731.8kbits/s speed=2.31x    
[out#0/mp4 @ 0xaaaabfed8560] video:2267kB audio:0kB subtitle:0kB other streams:0kB global headers:0kB muxing overhead: 0.055091%
size=    2268kB time=00:00:09.68 bitrate=1918.2kbits/s speed= 2.2x    
Exiting normally, received signal 15.

2025-07-05 21:56:06,634 - WARNING - Recording failed, retrying in 30 seconds...
2025-07-05 21:56:36,638 - INFO - Starting recording: /opt/ipcamera/recordings/2025-07-05/21-56-36.mp4
2025-07-05 22:06:38,807 - INFO - Recording completed: /opt/ipcamera/recordings/2025-07-05/21-56-36.mp4
2025-07-05 22:06:38,812 - INFO - Starting recording: /opt/ipcamera/recordings/2025-07-05/22-06-38.mp4
2025-07-05 22:16:40,961 - INFO - Recording completed: /opt/ipcamera/recordings/2025-07-05/22-06-38.mp4
2025-07-05 22:16:40,966 - INFO - Starting recording: /opt/ipcamera/recordings/2025-07-05/22-16-40.mp4
2025-07-05 22:27:08,113 - INFO - Recording completed: /opt/ipcamera/recordings/2025-07-05/22-16-40.mp4
2025-07-05 22:27:08,117 - INFO - Starting recording: /opt/ipcamera/recordings/2025-07-05/22-27-08.mp4
2025-07-06 13:23:53,050 - INFO - Camera recorder starting...
2025-07-06 13:23:53,057 - INFO - Starting recording: /opt/ipcamera/recordings/2025-07-06/13-23-53.mp4
2025-07-08 21:03:56,925 - INFO - Recording completed: /opt/ipcamera/recordings/2025-07-06/13-23-53.mp4
2025-07-08 21:03:56,929 - INFO - Starting recording: /opt/ipcamera/recordings/2025-07-08/21-03-56.mp4
2025-07-08 21:13:59,101 - INFO - Recording completed: /opt/ipcamera/recordings/2025-07-08/21-03-56.mp4
2025-07-08 21:13:59,111 - INFO - Starting recording: /opt/ipcamera/recordings/2025-07-08/21-13-59.mp4
2025-07-08 21:17:41,082 - INFO - Camera recorder starting...
2025-07-08 21:17:41,090 - INFO - Starting recording: /opt/ipcamera/recordings/2025-07-08/21-17-41.mp4
2025-07-11 07:38:29,068 - INFO - Recording completed: /opt/ipcamera/recordings/2025-07-08/21-17-41.mp4
2025-07-11 07:38:29,073 - INFO - Starting recording: /opt/ipcamera/recordings/2025-07-11/07-38-29.mp4
2025-07-11 07:48:30,217 - INFO - Recording completed: /opt/ipcamera/recordings/2025-07-11/07-38-29.mp4
2025-07-11 07:48:30,219 - INFO - Starting recording: /opt/ipcamera/recordings/2025-07-11/07-48-30.mp4
2025-07-11 07:58:31,358 - INFO - Recording completed: /opt/ipcamera/recordings/2025-07-11/07-48-30.mp4
2025-07-11 07:58:31,362 - INFO - Starting recording: /opt/ipcamera/recordings/2025-07-11/07-58-31.mp4
2025-07-11 08:08:33,504 - INFO - Recording completed: /opt/ipcamera/recordings/2025-07-11/07-58-31.mp4
2025-07-11 08:08:33,507 - INFO - Starting recording: /opt/ipcamera/recordings/2025-07-11/08-08-33.mp4
2025-07-11 08:18:37,648 - INFO - Recording completed: /opt/ipcamera/recordings/2025-07-11/08-08-33.mp4
2025-07-11 08:18:37,655 - INFO - Starting recording: /opt/ipcamera/recordings/2025-07-11/08-18-37.mp4
2025-07-11 08:28:39,795 - INFO - Recording completed: /opt/ipcamera/recordings/2025-07-11/08-18-37.mp4
2025-07-11 08:28:39,799 - INFO - Starting recording: /opt/ipcamera/recordings/2025-07-11/08-28-39.mp4
2025-07-11 08:28:40,804 - ERROR - FFmpeg error: ffmpeg version 6.1.1-3ubuntu5 Copyright (c) 2000-2023 the FFmpeg developers
  built with gcc 13 (Ubuntu 13.2.0-23ubuntu3)
  configuration: --prefix=/usr --extra-version=3ubuntu5 --toolchain=hardened --libdir=/usr/lib/aarch64-linux-gnu --incdir=/usr/include/aarch64-linux-gnu --arch=arm64 --enable-gpl --disable-stripping --disable-omx --enable-gnutls --enable-libaom --enable-libass --enable-libbs2b --enable-libcaca --enable-libcdio --enable-libcodec2 --enable-libdav1d --enable-libflite --enable-libfontconfig --enable-libfreetype --enable-libfribidi --enable-libglslang --enable-libgme --enable-libgsm --enable-libharfbuzz --enable-libmp3lame --enable-libmysofa --enable-libopenjpeg --enable-libopenmpt --enable-libopus --enable-librubberband --enable-libshine --enable-libsnappy --enable-libsoxr --enable-libspeex --enable-libtheora --enable-libtwolame --enable-libvidstab --enable-libvorbis --enable-libvpx --enable-libwebp --enable-libx265 --enable-libxml2 --enable-libxvid --enable-libzimg --enable-openal --enable-opencl --enable-opengl --disable-sndio --enable-libdc1394 --enable-libdrm --enable-libiec61883 --enable-chromaprint --enable-frei0r --enable-ladspa --enable-libbluray --enable-libjack --enable-libpulse --enable-librabbitmq --enable-librist --enable-libsrt --enable-libssh --enable-libsvtav1 --enable-libx264 --enable-libzmq --enable-libzvbi --enable-lv2 --enable-sdl2 --enable-libplacebo --enable-librav1e --enable-pocketsphinx --enable-librsvg --enable-libjxl --enable-shared
  libavutil      58. 29.100 / 58. 29.100
  libavcodec     60. 31.102 / 60. 31.102
  libavformat    60. 16.100 / 60. 16.100
  libavdevice    60.  3.100 / 60.  3.100
  libavfilter     9. 12.100 /  9. 12.100
  libswscale      7.  5.100 /  7.  5.100
  libswresample   4. 12.100 /  4. 12.100
  libpostproc    57.  3.100 / 57.  3.100
[tcp @ 0xaaaaea157d70] Connection to tcp://192.168.1.18:554?timeout=0 failed: Network is unreachable
[in#0 @ 0xaaaaea1a1f10] Error opening input: Network is unreachable
Error opening input file rtsp://192.168.1.18:554/1/h264major.
Error opening input files: Network is unreachable

2025-07-11 08:28:40,805 - WARNING - Recording failed, retrying in 30 seconds...
2025-07-11 08:29:10,809 - INFO - Starting recording: /opt/ipcamera/recordings/2025-07-11/08-29-10.mp4
2025-07-11 08:29:11,814 - ERROR - FFmpeg error: ffmpeg version 6.1.1-3ubuntu5 Copyright (c) 2000-2023 the FFmpeg developers
  built with gcc 13 (Ubuntu 13.2.0-23ubuntu3)
  configuration: --prefix=/usr --extra-version=3ubuntu5 --toolchain=hardened --libdir=/usr/lib/aarch64-linux-gnu --incdir=/usr/include/aarch64-linux-gnu --arch=arm64 --enable-gpl --disable-stripping --disable-omx --enable-gnutls --enable-libaom --enable-libass --enable-libbs2b --enable-libcaca --enable-libcdio --enable-libcodec2 --enable-libdav1d --enable-libflite --enable-libfontconfig --enable-libfreetype --enable-libfribidi --enable-libglslang --enable-libgme --enable-libgsm --enable-libharfbuzz --enable-libmp3lame --enable-libmysofa --enable-libopenjpeg --enable-libopenmpt --enable-libopus --enable-librubberband --enable-libshine --enable-libsnappy --enable-libsoxr --enable-libspeex --enable-libtheora --enable-libtwolame --enable-libvidstab --enable-libvorbis --enable-libvpx --enable-libwebp --enable-libx265 --enable-libxml2 --enable-libxvid --enable-libzimg --enable-openal --enable-opencl --enable-opengl --disable-sndio --enable-libdc1394 --enable-libdrm --enable-libiec61883 --enable-chromaprint --enable-frei0r --enable-ladspa --enable-libbluray --enable-libjack --enable-libpulse --enable-librabbitmq --enable-librist --enable-libsrt --enable-libssh --enable-libsvtav1 --enable-libx264 --enable-libzmq --enable-libzvbi --enable-lv2 --enable-sdl2 --enable-libplacebo --enable-librav1e --enable-pocketsphinx --enable-librsvg --enable-libjxl --enable-shared
  libavutil      58. 29.100 / 58. 29.100
  libavcodec     60. 31.102 / 60. 31.102
  libavformat    60. 16.100 / 60. 16.100
  libavdevice    60.  3.100 / 60.  3.100
  libavfilter     9. 12.100 /  9. 12.100
  libswscale      7.  5.100 /  7.  5.100
  libswresample   4. 12.100 /  4. 12.100
  libpostproc    57.  3.100 / 57.  3.100
[tcp @ 0xaaaae759cd70] Connection to tcp://192.168.1.18:554?timeout=0 failed: Network is unreachable
[in#0 @ 0xaaaae75e6f10] Error opening input: Network is unreachable
Error opening input file rtsp://192.168.1.18:554/1/h264major.
Error opening input files: Network is unreachable

2025-07-11 08:29:11,816 - WARNING - Recording failed, retrying in 30 seconds...
2025-07-11 08:29:41,819 - INFO - Starting recording: /opt/ipcamera/recordings/2025-07-11/08-29-41.mp4
2025-07-11 08:29:42,825 - ERROR - FFmpeg error: ffmpeg version 6.1.1-3ubuntu5 Copyright (c) 2000-2023 the FFmpeg developers
  built with gcc 13 (Ubuntu 13.2.0-23ubuntu3)
  configuration: --prefix=/usr --extra-version=3ubuntu5 --toolchain=hardened --libdir=/usr/lib/aarch64-linux-gnu --incdir=/usr/include/aarch64-linux-gnu --arch=arm64 --enable-gpl --disable-stripping --disable-omx --enable-gnutls --enable-libaom --enable-libass --enable-libbs2b --enable-libcaca --enable-libcdio --enable-libcodec2 --enable-libdav1d --enable-libflite --enable-libfontconfig --enable-libfreetype --enable-libfribidi --enable-libglslang --enable-libgme --enable-libgsm --enable-libharfbuzz --enable-libmp3lame --enable-libmysofa --enable-libopenjpeg --enable-libopenmpt --enable-libopus --enable-librubberband --enable-libshine --enable-libsnappy --enable-libsoxr --enable-libspeex --enable-libtheora --enable-libtwolame --enable-libvidstab --enable-libvorbis --enable-libvpx --enable-libwebp --enable-libx265 --enable-libxml2 --enable-libxvid --enable-libzimg --enable-openal --enable-opencl --enable-opengl --disable-sndio --enable-libdc1394 --enable-libdrm --enable-libiec61883 --enable-chromaprint --enable-frei0r --enable-ladspa --enable-libbluray --enable-libjack --enable-libpulse --enable-librabbitmq --enable-librist --enable-libsrt --enable-libssh --enable-libsvtav1 --enable-libx264 --enable-libzmq --enable-libzvbi --enable-lv2 --enable-sdl2 --enable-libplacebo --enable-librav1e --enable-pocketsphinx --enable-librsvg --enable-libjxl --enable-shared
  libavutil      58. 29.100 / 58. 29.100
  libavcodec     60. 31.102 / 60. 31.102
  libavformat    60. 16.100 / 60. 16.100
  libavdevice    60.  3.100 / 60.  3.100
  libavfilter     9. 12.100 /  9. 12.100
  libswscale      7.  5.100 /  7.  5.100
  libswresample   4. 12.100 /  4. 12.100
  libpostproc    57.  3.100 / 57.  3.100
[tcp @ 0xaaaafe902d70] Connection to tcp://192.168.1.18:554?timeout=0 failed: Network is unreachable
[in#0 @ 0xaaaafe94cf10] Error opening input: Network is unreachable
Error opening input file rtsp://192.168.1.18:554/1/h264major.
Error opening input files: Network is unreachable

2025-07-11 08:29:42,826 - WARNING - Recording failed, retrying in 30 seconds...
2025-07-11 08:30:12,830 - INFO - Starting recording: /opt/ipcamera/recordings/2025-07-11/08-30-12.mp4
2025-07-11 08:30:13,835 - ERROR - FFmpeg error: ffmpeg version 6.1.1-3ubuntu5 Copyright (c) 2000-2023 the FFmpeg developers
  built with gcc 13 (Ubuntu 13.2.0-23ubuntu3)
  configuration: --prefix=/usr --extra-version=3ubuntu5 --toolchain=hardened --libdir=/usr/lib/aarch64-linux-gnu --incdir=/usr/include/aarch64-linux-gnu --arch=arm64 --enable-gpl --disable-stripping --disable-omx --enable-gnutls --enable-libaom --enable-libass --enable-libbs2b --enable-libcaca --enable-libcdio --enable-libcodec2 --enable-libdav1d --enable-libflite --enable-libfontconfig --enable-libfreetype --enable-libfribidi --enable-libglslang --enable-libgme --enable-libgsm --enable-libharfbuzz --enable-libmp3lame --enable-libmysofa --enable-libopenjpeg --enable-libopenmpt --enable-libopus --enable-librubberband --enable-libshine --enable-libsnappy --enable-libsoxr --enable-libspeex --enable-libtheora --enable-libtwolame --enable-libvidstab --enable-libvorbis --enable-libvpx --enable-libwebp --enable-libx265 --enable-libxml2 --enable-libxvid --enable-libzimg --enable-openal --enable-opencl --enable-opengl --disable-sndio --enable-libdc1394 --enable-libdrm --enable-libiec61883 --enable-chromaprint --enable-frei0r --enable-ladspa --enable-libbluray --enable-libjack --enable-libpulse --enable-librabbitmq --enable-librist --enable-libsrt --enable-libssh --enable-libsvtav1 --enable-libx264 --enable-libzmq --enable-libzvbi --enable-lv2 --enable-sdl2 --enable-libplacebo --enable-librav1e --enable-pocketsphinx --enable-librsvg --enable-libjxl --enable-shared
  libavutil      58. 29.100 / 58. 29.100
  libavcodec     60. 31.102 / 60. 31.102
  libavformat    60. 16.100 / 60. 16.100
  libavdevice    60.  3.100 / 60.  3.100
  libavfilter     9. 12.100 /  9. 12.100
  libswscale      7.  5.100 /  7.  5.100
  libswresample   4. 12.100 /  4. 12.100
  libpostproc    57.  3.100 / 57.  3.100
[tcp @ 0xaaab0d345d70] Connection to tcp://192.168.1.18:554?timeout=0 failed: Network is unreachable
[in#0 @ 0xaaab0d38ff10] Error opening input: Network is unreachable
Error opening input file rtsp://192.168.1.18:554/1/h264major.
Error opening input files: Network is unreachable

2025-07-11 08:30:13,836 - WARNING - Recording failed, retrying in 30 seconds...
2025-07-11 08:30:43,840 - INFO - Starting recording: /opt/ipcamera/recordings/2025-07-11/08-30-43.mp4
2025-07-11 08:30:44,845 - ERROR - FFmpeg error: ffmpeg version 6.1.1-3ubuntu5 Copyright (c) 2000-2023 the FFmpeg developers
  built with gcc 13 (Ubuntu 13.2.0-23ubuntu3)
  configuration: --prefix=/usr --extra-version=3ubuntu5 --toolchain=hardened --libdir=/usr/lib/aarch64-linux-gnu --incdir=/usr/include/aarch64-linux-gnu --arch=arm64 --enable-gpl --disable-stripping --disable-omx --enable-gnutls --enable-libaom --enable-libass --enable-libbs2b --enable-libcaca --enable-libcdio --enable-libcodec2 --enable-libdav1d --enable-libflite --enable-libfontconfig --enable-libfreetype --enable-libfribidi --enable-libglslang --enable-libgme --enable-libgsm --enable-libharfbuzz --enable-libmp3lame --enable-libmysofa --enable-libopenjpeg --enable-libopenmpt --enable-libopus --enable-librubberband --enable-libshine --enable-libsnappy --enable-libsoxr --enable-libspeex --enable-libtheora --enable-libtwolame --enable-libvidstab --enable-libvorbis --enable-libvpx --enable-libwebp --enable-libx265 --enable-libxml2 --enable-libxvid --enable-libzimg --enable-openal --enable-opencl --enable-opengl --disable-sndio --enable-libdc1394 --enable-libdrm --enable-libiec61883 --enable-chromaprint --enable-frei0r --enable-ladspa --enable-libbluray --enable-libjack --enable-libpulse --enable-librabbitmq --enable-librist --enable-libsrt --enable-libssh --enable-libsvtav1 --enable-libx264 --enable-libzmq --enable-libzvbi --enable-lv2 --enable-sdl2 --enable-libplacebo --enable-librav1e --enable-pocketsphinx --enable-librsvg --enable-libjxl --enable-shared
  libavutil      58. 29.100 / 58. 29.100
  libavcodec     60. 31.102 / 60. 31.102
  libavformat    60. 16.100 / 60. 16.100
  libavdevice    60.  3.100 / 60.  3.100
  libavfilter     9. 12.100 /  9. 12.100
  libswscale      7.  5.100 /  7.  5.100
  libswresample   4. 12.100 /  4. 12.100
  libpostproc    57.  3.100 / 57.  3.100
[tcp @ 0xaaaae3d25d70] Connection to tcp://192.168.1.18:554?timeout=0 failed: Network is unreachable
[in#0 @ 0xaaaae3d6ff10] Error opening input: Network is unreachable
Error opening input file rtsp://192.168.1.18:554/1/h264major.
Error opening input files: Network is unreachable

2025-07-11 08:30:44,846 - WARNING - Recording failed, retrying in 30 seconds...
2025-07-11 08:31:14,850 - INFO - Starting recording: /opt/ipcamera/recordings/2025-07-11/08-31-14.mp4
2025-07-11 08:31:15,856 - ERROR - FFmpeg error: ffmpeg version 6.1.1-3ubuntu5 Copyright (c) 2000-2023 the FFmpeg developers
  built with gcc 13 (Ubuntu 13.2.0-23ubuntu3)
  configuration: --prefix=/usr --extra-version=3ubuntu5 --toolchain=hardened --libdir=/usr/lib/aarch64-linux-gnu --incdir=/usr/include/aarch64-linux-gnu --arch=arm64 --enable-gpl --disable-stripping --disable-omx --enable-gnutls --enable-libaom --enable-libass --enable-libbs2b --enable-libcaca --enable-libcdio --enable-libcodec2 --enable-libdav1d --enable-libflite --enable-libfontconfig --enable-libfreetype --enable-libfribidi --enable-libglslang --enable-libgme --enable-libgsm --enable-libharfbuzz --enable-libmp3lame --enable-libmysofa --enable-libopenjpeg --enable-libopenmpt --enable-libopus --enable-librubberband --enable-libshine --enable-libsnappy --enable-libsoxr --enable-libspeex --enable-libtheora --enable-libtwolame --enable-libvidstab --enable-libvorbis --enable-libvpx --enable-libwebp --enable-libx265 --enable-libxml2 --enable-libxvid --enable-libzimg --enable-openal --enable-opencl --enable-opengl --disable-sndio --enable-libdc1394 --enable-libdrm --enable-libiec61883 --enable-chromaprint --enable-frei0r --enable-ladspa --enable-libbluray --enable-libjack --enable-libpulse --enable-librabbitmq --enable-librist --enable-libsrt --enable-libssh --enable-libsvtav1 --enable-libx264 --enable-libzmq --enable-libzvbi --enable-lv2 --enable-sdl2 --enable-libplacebo --enable-librav1e --enable-pocketsphinx --enable-librsvg --enable-libjxl --enable-shared
  libavutil      58. 29.100 / 58. 29.100
  libavcodec     60. 31.102 / 60. 31.102
  libavformat    60. 16.100 / 60. 16.100
  libavdevice    60.  3.100 / 60.  3.100
  libavfilter     9. 12.100 /  9. 12.100
  libswscale      7.  5.100 /  7.  5.100
  libswresample   4. 12.100 /  4. 12.100
  libpostproc    57.  3.100 / 57.  3.100
[tcp @ 0xaaaac82b5d70] Connection to tcp://192.168.1.18:554?timeout=0 failed: Network is unreachable
[in#0 @ 0xaaaac82fff10] Error opening input: Network is unreachable
Error opening input file rtsp://192.168.1.18:554/1/h264major.
Error opening input files: Network is unreachable

2025-07-11 08:31:15,857 - WARNING - Recording failed, retrying in 30 seconds...
2025-07-11 08:31:45,861 - INFO - Starting recording: /opt/ipcamera/recordings/2025-07-11/08-31-45.mp4
2025-07-11 08:31:46,867 - ERROR - FFmpeg error: ffmpeg version 6.1.1-3ubuntu5 Copyright (c) 2000-2023 the FFmpeg developers
  built with gcc 13 (Ubuntu 13.2.0-23ubuntu3)
  configuration: --prefix=/usr --extra-version=3ubuntu5 --toolchain=hardened --libdir=/usr/lib/aarch64-linux-gnu --incdir=/usr/include/aarch64-linux-gnu --arch=arm64 --enable-gpl --disable-stripping --disable-omx --enable-gnutls --enable-libaom --enable-libass --enable-libbs2b --enable-libcaca --enable-libcdio --enable-libcodec2 --enable-libdav1d --enable-libflite --enable-libfontconfig --enable-libfreetype --enable-libfribidi --enable-libglslang --enable-libgme --enable-libgsm --enable-libharfbuzz --enable-libmp3lame --enable-libmysofa --enable-libopenjpeg --enable-libopenmpt --enable-libopus --enable-librubberband --enable-libshine --enable-libsnappy --enable-libsoxr --enable-libspeex --enable-libtheora --enable-libtwolame --enable-libvidstab --enable-libvorbis --enable-libvpx --enable-libwebp --enable-libx265 --enable-libxml2 --enable-libxvid --enable-libzimg --enable-openal --enable-opencl --enable-opengl --disable-sndio --enable-libdc1394 --enable-libdrm --enable-libiec61883 --enable-chromaprint --enable-frei0r --enable-ladspa --enable-libbluray --enable-libjack --enable-libpulse --enable-librabbitmq --enable-librist --enable-libsrt --enable-libssh --enable-libsvtav1 --enable-libx264 --enable-libzmq --enable-libzvbi --enable-lv2 --enable-sdl2 --enable-libplacebo --enable-librav1e --enable-pocketsphinx --enable-librsvg --enable-libjxl --enable-shared
  libavutil      58. 29.100 / 58. 29.100
  libavcodec     60. 31.102 / 60. 31.102
  libavformat    60. 16.100 / 60. 16.100
  libavdevice    60.  3.100 / 60.  3.100
  libavfilter     9. 12.100 /  9. 12.100
  libswscale      7.  5.100 /  7.  5.100
  libswresample   4. 12.100 /  4. 12.100
  libpostproc    57.  3.100 / 57.  3.100
[tcp @ 0xaaab0ecd6d70] Connection to tcp://192.168.1.18:554?timeout=0 failed: Network is unreachable
[in#0 @ 0xaaab0ed20f10] Error opening input: Network is unreachable
Error opening input file rtsp://192.168.1.18:554/1/h264major.
Error opening input files: Network is unreachable

2025-07-11 08:31:46,868 - WARNING - Recording failed, retrying in 30 seconds...
2025-07-11 08:32:16,872 - INFO - Starting recording: /opt/ipcamera/recordings/2025-07-11/08-32-16.mp4
2025-07-11 08:32:17,877 - ERROR - FFmpeg error: ffmpeg version 6.1.1-3ubuntu5 Copyright (c) 2000-2023 the FFmpeg developers
  built with gcc 13 (Ubuntu 13.2.0-23ubuntu3)
  configuration: --prefix=/usr --extra-version=3ubuntu5 --toolchain=hardened --libdir=/usr/lib/aarch64-linux-gnu --incdir=/usr/include/aarch64-linux-gnu --arch=arm64 --enable-gpl --disable-stripping --disable-omx --enable-gnutls --enable-libaom --enable-libass --enable-libbs2b --enable-libcaca --enable-libcdio --enable-libcodec2 --enable-libdav1d --enable-libflite --enable-libfontconfig --enable-libfreetype --enable-libfribidi --enable-libglslang --enable-libgme --enable-libgsm --enable-libharfbuzz --enable-libmp3lame --enable-libmysofa --enable-libopenjpeg --enable-libopenmpt --enable-libopus --enable-librubberband --enable-libshine --enable-libsnappy --enable-libsoxr --enable-libspeex --enable-libtheora --enable-libtwolame --enable-libvidstab --enable-libvorbis --enable-libvpx --enable-libwebp --enable-libx265 --enable-libxml2 --enable-libxvid --enable-libzimg --enable-openal --enable-opencl --enable-opengl --disable-sndio --enable-libdc1394 --enable-libdrm --enable-libiec61883 --enable-chromaprint --enable-frei0r --enable-ladspa --enable-libbluray --enable-libjack --enable-libpulse --enable-librabbitmq --enable-librist --enable-libsrt --enable-libssh --enable-libsvtav1 --enable-libx264 --enable-libzmq --enable-libzvbi --enable-lv2 --enable-sdl2 --enable-libplacebo --enable-librav1e --enable-pocketsphinx --enable-librsvg --enable-libjxl --enable-shared
  libavutil      58. 29.100 / 58. 29.100
  libavcodec     60. 31.102 / 60. 31.102
  libavformat    60. 16.100 / 60. 16.100
  libavdevice    60.  3.100 / 60.  3.100
  libavfilter     9. 12.100 /  9. 12.100
  libswscale      7.  5.100 /  7.  5.100
  libswresample   4. 12.100 /  4. 12.100
  libpostproc    57.  3.100 / 57.  3.100
[tcp @ 0xaaaaf9c1cd70] Connection to tcp://192.168.1.18:554?timeout=0 failed: Network is unreachable
[in#0 @ 0xaaaaf9c66f10] Error opening input: Network is unreachable
Error opening input file rtsp://192.168.1.18:554/1/h264major.
Error opening input files: Network is unreachable

2025-07-11 08:32:17,878 - WARNING - Recording failed, retrying in 30 seconds...
2025-07-11 08:32:47,883 - INFO - Starting recording: /opt/ipcamera/recordings/2025-07-11/08-32-47.mp4
2025-07-11 08:32:48,888 - ERROR - FFmpeg error: ffmpeg version 6.1.1-3ubuntu5 Copyright (c) 2000-2023 the FFmpeg developers
  built with gcc 13 (Ubuntu 13.2.0-23ubuntu3)
  configuration: --prefix=/usr --extra-version=3ubuntu5 --toolchain=hardened --libdir=/usr/lib/aarch64-linux-gnu --incdir=/usr/include/aarch64-linux-gnu --arch=arm64 --enable-gpl --disable-stripping --disable-omx --enable-gnutls --enable-libaom --enable-libass --enable-libbs2b --enable-libcaca --enable-libcdio --enable-libcodec2 --enable-libdav1d --enable-libflite --enable-libfontconfig --enable-libfreetype --enable-libfribidi --enable-libglslang --enable-libgme --enable-libgsm --enable-libharfbuzz --enable-libmp3lame --enable-libmysofa --enable-libopenjpeg --enable-libopenmpt --enable-libopus --enable-librubberband --enable-libshine --enable-libsnappy --enable-libsoxr --enable-libspeex --enable-libtheora --enable-libtwolame --enable-libvidstab --enable-libvorbis --enable-libvpx --enable-libwebp --enable-libx265 --enable-libxml2 --enable-libxvid --enable-libzimg --enable-openal --enable-opencl --enable-opengl --disable-sndio --enable-libdc1394 --enable-libdrm --enable-libiec61883 --enable-chromaprint --enable-frei0r --enable-ladspa --enable-libbluray --enable-libjack --enable-libpulse --enable-librabbitmq --enable-librist --enable-libsrt --enable-libssh --enable-libsvtav1 --enable-libx264 --enable-libzmq --enable-libzvbi --enable-lv2 --enable-sdl2 --enable-libplacebo --enable-librav1e --enable-pocketsphinx --enable-librsvg --enable-libjxl --enable-shared
  libavutil      58. 29.100 / 58. 29.100
  libavcodec     60. 31.102 / 60. 31.102
  libavformat    60. 16.100 / 60. 16.100
  libavdevice    60.  3.100 / 60.  3.100
  libavfilter     9. 12.100 /  9. 12.100
  libswscale      7.  5.100 /  7.  5.100
  libswresample   4. 12.100 /  4. 12.100
  libpostproc    57.  3.100 / 57.  3.100
[tcp @ 0xaaab07cded70] Connection to tcp://192.168.1.18:554?timeout=0 failed: Network is unreachable
[in#0 @ 0xaaab07d28f10] Error opening input: Network is unreachable
Error opening input file rtsp://192.168.1.18:554/1/h264major.
Error opening input files: Network is unreachable

2025-07-11 08:32:48,889 - WARNING - Recording failed, retrying in 30 seconds...
2025-07-11 08:33:18,893 - INFO - Starting recording: /opt/ipcamera/recordings/2025-07-11/08-33-18.mp4
2025-07-11 08:33:19,899 - ERROR - FFmpeg error: ffmpeg version 6.1.1-3ubuntu5 Copyright (c) 2000-2023 the FFmpeg developers
  built with gcc 13 (Ubuntu 13.2.0-23ubuntu3)
  configuration: --prefix=/usr --extra-version=3ubuntu5 --toolchain=hardened --libdir=/usr/lib/aarch64-linux-gnu --incdir=/usr/include/aarch64-linux-gnu --arch=arm64 --enable-gpl --disable-stripping --disable-omx --enable-gnutls --enable-libaom --enable-libass --enable-libbs2b --enable-libcaca --enable-libcdio --enable-libcodec2 --enable-libdav1d --enable-libflite --enable-libfontconfig --enable-libfreetype --enable-libfribidi --enable-libglslang --enable-libgme --enable-libgsm --enable-libharfbuzz --enable-libmp3lame --enable-libmysofa --enable-libopenjpeg --enable-libopenmpt --enable-libopus --enable-librubberband --enable-libshine --enable-libsnappy --enable-libsoxr --enable-libspeex --enable-libtheora --enable-libtwolame --enable-libvidstab --enable-libvorbis --enable-libvpx --enable-libwebp --enable-libx265 --enable-libxml2 --enable-libxvid --enable-libzimg --enable-openal --enable-opencl --enable-opengl --disable-sndio --enable-libdc1394 --enable-libdrm --enable-libiec61883 --enable-chromaprint --enable-frei0r --enable-ladspa --enable-libbluray --enable-libjack --enable-libpulse --enable-librabbitmq --enable-librist --enable-libsrt --enable-libssh --enable-libsvtav1 --enable-libx264 --enable-libzmq --enable-libzvbi --enable-lv2 --enable-sdl2 --enable-libplacebo --enable-librav1e --enable-pocketsphinx --enable-librsvg --enable-libjxl --enable-shared
  libavutil      58. 29.100 / 58. 29.100
  libavcodec     60. 31.102 / 60. 31.102
  libavformat    60. 16.100 / 60. 16.100
  libavdevice    60.  3.100 / 60.  3.100
  libavfilter     9. 12.100 /  9. 12.100
  libswscale      7.  5.100 /  7.  5.100
  libswresample   4. 12.100 /  4. 12.100
  libpostproc    57.  3.100 / 57.  3.100
[tcp @ 0xaaab056fbd70] Connection to tcp://192.168.1.18:554?timeout=0 failed: Network is unreachable
[in#0 @ 0xaaab05745f10] Error opening input: Network is unreachable
Error opening input file rtsp://192.168.1.18:554/1/h264major.
Error opening input files: Network is unreachable

2025-07-11 08:33:19,900 - WARNING - Recording failed, retrying in 30 seconds...
2025-07-11 08:33:49,903 - INFO - Starting recording: /opt/ipcamera/recordings/2025-07-11/08-33-49.mp4
2025-07-11 08:44:36,050 - INFO - Recording completed: /opt/ipcamera/recordings/2025-07-11/08-33-49.mp4
2025-07-11 08:44:36,055 - INFO - Starting recording: /opt/ipcamera/recordings/2025-07-11/08-44-36.mp4
2025-07-11 08:55:20,206 - INFO - Recording completed: /opt/ipcamera/recordings/2025-07-11/08-44-36.mp4
2025-07-11 08:55:20,212 - INFO - Starting recording: /opt/ipcamera/recordings/2025-07-11/08-55-20.mp4
2025-07-11 09:05:52,362 - INFO - Recording completed: /opt/ipcamera/recordings/2025-07-11/08-55-20.mp4
2025-07-11 09:05:52,366 - INFO - Starting recording: /opt/ipcamera/recordings/2025-07-11/09-05-52.mp4
2025-07-11 09:16:46,522 - INFO - Recording completed: /opt/ipcamera/recordings/2025-07-11/09-05-52.mp4
2025-07-11 09:16:46,527 - INFO - Starting recording: /opt/ipcamera/recordings/2025-07-11/09-16-46.mp4
2025-07-11 09:27:36,685 - INFO - Recording completed: /opt/ipcamera/recordings/2025-07-11/09-16-46.mp4
2025-07-11 09:27:36,689 - INFO - Starting recording: /opt/ipcamera/recordings/2025-07-11/09-27-36.mp4
2025-07-11 09:37:37,833 - INFO - Recording completed: /opt/ipcamera/recordings/2025-07-11/09-27-36.mp4
2025-07-11 09:37:37,836 - INFO - Starting recording: /opt/ipcamera/recordings/2025-07-11/09-37-37.mp4
2025-07-11 09:47:39,000 - INFO - Recording completed: /opt/ipcamera/recordings/2025-07-11/09-37-37.mp4
2025-07-11 09:47:39,042 - INFO - Starting recording: /opt/ipcamera/recordings/2025-07-11/09-47-39.mp4
2025-07-11 09:57:40,185 - INFO - Recording completed: /opt/ipcamera/recordings/2025-07-11/09-47-39.mp4
2025-07-11 09:57:40,187 - INFO - Starting recording: /opt/ipcamera/recordings/2025-07-11/09-57-40.mp4
2025-07-11 10:07:41,333 - INFO - Recording completed: /opt/ipcamera/recordings/2025-07-11/09-57-40.mp4
2025-07-11 10:07:41,336 - INFO - Starting recording: /opt/ipcamera/recordings/2025-07-11/10-07-41.mp4
2025-07-11 10:18:31,481 - INFO - Recording completed: /opt/ipcamera/recordings/2025-07-11/10-07-41.mp4
2025-07-11 10:18:31,487 - INFO - Starting recording: /opt/ipcamera/recordings/2025-07-11/10-18-31.mp4
2025-07-11 10:28:32,631 - INFO - Recording completed: /opt/ipcamera/recordings/2025-07-11/10-18-31.mp4
2025-07-11 10:28:32,633 - INFO - Starting recording: /opt/ipcamera/recordings/2025-07-11/10-28-32.mp4
2025-07-11 10:38:33,772 - INFO - Recording completed: /opt/ipcamera/recordings/2025-07-11/10-28-32.mp4
2025-07-11 10:38:33,774 - INFO - Starting recording: /opt/ipcamera/recordings/2025-07-11/10-38-33.mp4
2025-07-11 10:48:34,911 - INFO - Recording completed: /opt/ipcamera/recordings/2025-07-11/10-38-33.mp4
2025-07-11 10:48:34,917 - INFO - Starting recording: /opt/ipcamera/recordings/2025-07-11/10-48-34.mp4
2025-07-11 10:59:05,067 - INFO - Recording completed: /opt/ipcamera/recordings/2025-07-11/10-48-34.mp4
2025-07-11 10:59:05,072 - INFO - Starting recording: /opt/ipcamera/recordings/2025-07-11/10-59-05.mp4
2025-07-11 11:09:37,223 - INFO - Recording completed: /opt/ipcamera/recordings/2025-07-11/10-59-05.mp4
2025-07-11 11:09:37,231 - INFO - Starting recording: /opt/ipcamera/recordings/2025-07-11/11-09-37.mp4
2025-07-11 11:19:38,374 - INFO - Recording completed: /opt/ipcamera/recordings/2025-07-11/11-09-37.mp4
2025-07-11 11:19:38,379 - INFO - Starting recording: /opt/ipcamera/recordings/2025-07-11/11-19-38.mp4
2025-07-11 11:29:40,518 - INFO - Recording completed: /opt/ipcamera/recordings/2025-07-11/11-19-38.mp4
2025-07-11 11:29:40,524 - INFO - Starting recording: /opt/ipcamera/recordings/2025-07-11/11-29-40.mp4
2025-07-11 11:39:42,669 - INFO - Recording completed: /opt/ipcamera/recordings/2025-07-11/11-29-40.mp4
2025-07-11 11:39:42,676 - INFO - Starting recording: /opt/ipcamera/recordings/2025-07-11/11-39-42.mp4
2025-07-11 11:50:20,826 - INFO - Recording completed: /opt/ipcamera/recordings/2025-07-11/11-39-42.mp4
2025-07-11 11:50:20,828 - INFO - Starting recording: /opt/ipcamera/recordings/2025-07-11/11-50-20.mp4
2025-07-11 12:00:53,979 - INFO - Recording completed: /opt/ipcamera/recordings/2025-07-11/11-50-20.mp4
2025-07-11 12:00:54,023 - INFO - Starting recording: /opt/ipcamera/recordings/2025-07-11/12-00-53.mp4
2025-07-11 12:11:27,174 - INFO - Recording completed: /opt/ipcamera/recordings/2025-07-11/12-00-53.mp4
2025-07-11 12:11:27,185 - INFO - Starting recording: /opt/ipcamera/recordings/2025-07-11/12-11-27.mp4
2025-07-11 12:21:29,328 - INFO - Recording completed: /opt/ipcamera/recordings/2025-07-11/12-11-27.mp4
2025-07-11 12:21:29,338 - INFO - Starting recording: /opt/ipcamera/recordings/2025-07-11/12-21-29.mp4
2025-07-11 12:31:30,477 - INFO - Recording completed: /opt/ipcamera/recordings/2025-07-11/12-21-29.mp4
2025-07-11 12:31:30,482 - INFO - Starting recording: /opt/ipcamera/recordings/2025-07-11/12-31-30.mp4
2025-07-11 12:41:31,632 - INFO - Recording completed: /opt/ipcamera/recordings/2025-07-11/12-31-30.mp4
2025-07-11 12:41:31,635 - INFO - Starting recording: /opt/ipcamera/recordings/2025-07-11/12-41-31.mp4
2025-07-11 12:51:33,778 - INFO - Recording completed: /opt/ipcamera/recordings/2025-07-11/12-41-31.mp4
2025-07-11 12:51:33,785 - INFO - Starting recording: /opt/ipcamera/recordings/2025-07-11/12-51-33.mp4
2025-07-11 13:02:19,938 - INFO - Recording completed: /opt/ipcamera/recordings/2025-07-11/12-51-33.mp4
2025-07-11 13:02:19,943 - INFO - Starting recording: /opt/ipcamera/recordings/2025-07-11/13-02-19.mp4
2025-07-11 13:12:21,086 - INFO - Recording completed: /opt/ipcamera/recordings/2025-07-11/13-02-19.mp4
2025-07-11 13:12:21,092 - INFO - Starting recording: /opt/ipcamera/recordings/2025-07-11/13-12-21.mp4
2025-07-11 13:22:23,238 - INFO - Recording completed: /opt/ipcamera/recordings/2025-07-11/13-12-21.mp4
2025-07-11 13:22:23,244 - INFO - Starting recording: /opt/ipcamera/recordings/2025-07-11/13-22-23.mp4
2025-07-11 13:32:24,392 - INFO - Recording completed: /opt/ipcamera/recordings/2025-07-11/13-22-23.mp4
2025-07-11 13:32:24,398 - INFO - Starting recording: /opt/ipcamera/recordings/2025-07-11/13-32-24.mp4
2025-07-11 13:42:53,547 - INFO - Recording completed: /opt/ipcamera/recordings/2025-07-11/13-32-24.mp4
2025-07-11 13:42:53,554 - INFO - Starting recording: /opt/ipcamera/recordings/2025-07-11/13-42-53.mp4
2025-07-11 13:53:25,705 - INFO - Recording completed: /opt/ipcamera/recordings/2025-07-11/13-42-53.mp4
2025-07-11 13:53:25,709 - INFO - Starting recording: /opt/ipcamera/recordings/2025-07-11/13-53-25.mp4
2025-07-11 14:03:26,852 - INFO - Recording completed: /opt/ipcamera/recordings/2025-07-11/13-53-25.mp4
2025-07-11 14:03:26,857 - INFO - Starting recording: /opt/ipcamera/recordings/2025-07-11/14-03-26.mp4
2025-07-11 14:13:27,991 - INFO - Recording completed: /opt/ipcamera/recordings/2025-07-11/14-03-26.mp4
2025-07-11 14:13:28,001 - INFO - Starting recording: /opt/ipcamera/recordings/2025-07-11/14-13-27.mp4
2025-07-11 14:23:30,144 - INFO - Recording completed: /opt/ipcamera/recordings/2025-07-11/14-13-27.mp4
2025-07-11 14:23:30,149 - INFO - Starting recording: /opt/ipcamera/recordings/2025-07-11/14-23-30.mp4
2025-07-11 14:33:55,296 - INFO - Recording completed: /opt/ipcamera/recordings/2025-07-11/14-23-30.mp4
2025-07-11 14:33:55,303 - INFO - Starting recording: /opt/ipcamera/recordings/2025-07-11/14-33-55.mp4
2025-07-11 14:44:40,457 - INFO - Recording completed: /opt/ipcamera/recordings/2025-07-11/14-33-55.mp4
2025-07-11 14:44:40,464 - INFO - Starting recording: /opt/ipcamera/recordings/2025-07-11/14-44-40.mp4
2025-07-11 14:55:36,619 - INFO - Recording completed: /opt/ipcamera/recordings/2025-07-11/14-44-40.mp4
2025-07-11 14:55:36,625 - INFO - Starting recording: /opt/ipcamera/recordings/2025-07-11/14-55-36.mp4
2025-07-11 15:05:37,770 - INFO - Recording completed: /opt/ipcamera/recordings/2025-07-11/14-55-36.mp4
2025-07-11 15:05:37,778 - INFO - Starting recording: /opt/ipcamera/recordings/2025-07-11/15-05-37.mp4
2025-07-11 15:15:38,915 - INFO - Recording completed: /opt/ipcamera/recordings/2025-07-11/15-05-37.mp4
2025-07-11 15:15:38,919 - INFO - Starting recording: /opt/ipcamera/recordings/2025-07-11/15-15-38.mp4
2025-07-11 15:25:40,059 - INFO - Recording completed: /opt/ipcamera/recordings/2025-07-11/15-15-38.mp4
2025-07-11 15:25:40,062 - INFO - Starting recording: /opt/ipcamera/recordings/2025-07-11/15-25-40.mp4
2025-07-11 15:36:30,213 - INFO - Recording completed: /opt/ipcamera/recordings/2025-07-11/15-25-40.mp4
2025-07-11 15:36:30,221 - INFO - Starting recording: /opt/ipcamera/recordings/2025-07-11/15-36-30.mp4
2025-07-11 15:46:31,359 - INFO - Recording completed: /opt/ipcamera/recordings/2025-07-11/15-36-30.mp4
2025-07-11 15:46:31,362 - INFO - Starting recording: /opt/ipcamera/recordings/2025-07-11/15-46-31.mp4
2025-07-11 15:56:32,501 - INFO - Recording completed: /opt/ipcamera/recordings/2025-07-11/15-46-31.mp4
2025-07-11 15:56:32,504 - INFO - Starting recording: /opt/ipcamera/recordings/2025-07-11/15-56-32.mp4
2025-07-11 16:06:33,642 - INFO - Recording completed: /opt/ipcamera/recordings/2025-07-11/15-56-32.mp4
2025-07-11 16:06:33,646 - INFO - Starting recording: /opt/ipcamera/recordings/2025-07-11/16-06-33.mp4
2025-07-11 16:16:34,790 - INFO - Recording completed: /opt/ipcamera/recordings/2025-07-11/16-06-33.mp4
2025-07-11 16:16:34,797 - INFO - Starting recording: /opt/ipcamera/recordings/2025-07-11/16-16-34.mp4
2025-07-11 16:26:36,944 - INFO - Recording completed: /opt/ipcamera/recordings/2025-07-11/16-16-34.mp4
2025-07-11 16:26:36,952 - INFO - Starting recording: /opt/ipcamera/recordings/2025-07-11/16-26-36.mp4
2025-07-11 16:37:05,103 - INFO - Recording completed: /opt/ipcamera/recordings/2025-07-11/16-26-36.mp4
2025-07-11 16:37:05,113 - INFO - Starting recording: /opt/ipcamera/recordings/2025-07-11/16-37-05.mp4
2025-07-11 16:43:52,802 - INFO - Camera recorder starting...
2025-07-11 16:43:52,814 - INFO - Starting recording: /opt/ipcamera/recordings/2025-07-11/16-43-52.mp4
2025-07-12 10:11:56,116 - INFO - Recording completed: /opt/ipcamera/recordings/2025-07-11/16-43-52.mp4
2025-07-12 10:11:56,120 - INFO - Starting recording: /opt/ipcamera/recordings/2025-07-12/10-11-56.mp4
2025-07-12 10:21:57,264 - INFO - Recording completed: /opt/ipcamera/recordings/2025-07-12/10-11-56.mp4
2025-07-12 10:21:57,268 - INFO - Starting recording: /opt/ipcamera/recordings/2025-07-12/10-21-57.mp4
2025-07-12 10:31:58,411 - INFO - Recording completed: /opt/ipcamera/recordings/2025-07-12/10-21-57.mp4
2025-07-12 10:31:58,429 - INFO - Starting recording: /opt/ipcamera/recordings/2025-07-12/10-31-58.mp4
2025-07-12 10:45:48,000 - INFO - Received signal 15, shutting down...
2025-07-12 10:47:23,772 - INFO - Camera recorder starting...
2025-07-12 10:47:23,774 - INFO - Starting recording: /opt/ipcamera/recordings/2025-07-12/10-47-23.mp4
2025-07-12 10:47:24,777 - ERROR - FFmpeg error: ffmpeg version 6.1.1-3ubuntu5 Copyright (c) 2000-2023 the FFmpeg developers
  built with gcc 13 (Ubuntu 13.2.0-23ubuntu3)
  configuration: --prefix=/usr --extra-version=3ubuntu5 --toolchain=hardened --libdir=/usr/lib/aarch64-linux-gnu --incdir=/usr/include/aarch64-linux-gnu --arch=arm64 --enable-gpl --disable-stripping --disable-omx --enable-gnutls --enable-libaom --enable-libass --enable-libbs2b --enable-libcaca --enable-libcdio --enable-libcodec2 --enable-libdav1d --enable-libflite --enable-libfontconfig --enable-libfreetype --enable-libfribidi --enable-libglslang --enable-libgme --enable-libgsm --enable-libharfbuzz --enable-libmp3lame --enable-libmysofa --enable-libopenjpeg --enable-libopenmpt --enable-libopus --enable-librubberband --enable-libshine --enable-libsnappy --enable-libsoxr --enable-libspeex --enable-libtheora --enable-libtwolame --enable-libvidstab --enable-libvorbis --enable-libvpx --enable-libwebp --enable-libx265 --enable-libxml2 --enable-libxvid --enable-libzimg --enable-openal --enable-opencl --enable-opengl --disable-sndio --enable-libdc1394 --enable-libdrm --enable-libiec61883 --enable-chromaprint --enable-frei0r --enable-ladspa --enable-libbluray --enable-libjack --enable-libpulse --enable-librabbitmq --enable-librist --enable-libsrt --enable-libssh --enable-libsvtav1 --enable-libx264 --enable-libzmq --enable-libzvbi --enable-lv2 --enable-sdl2 --enable-libplacebo --enable-librav1e --enable-pocketsphinx --enable-librsvg --enable-libjxl --enable-shared
  libavutil      58. 29.100 / 58. 29.100
  libavcodec     60. 31.102 / 60. 31.102
  libavformat    60. 16.100 / 60. 16.100
  libavdevice    60.  3.100 / 60.  3.100
  libavfilter     9. 12.100 /  9. 12.100
  libswscale      7.  5.100 /  7.  5.100
  libswresample   4. 12.100 /  4. 12.100
  libpostproc    57.  3.100 / 57.  3.100
[tcp @ 0xaaaacc753d70] Connection to tcp://192.168.1.18:554?timeout=0 failed: Network is unreachable
[in#0 @ 0xaaaacc79df10] Error opening input: Network is unreachable
Error opening input file rtsp://192.168.1.18:554/1/h264major.
Error opening input files: Network is unreachable

2025-07-12 10:47:24,778 - WARNING - Recording failed, retrying in 30 seconds...
2025-07-12 10:47:54,782 - INFO - Starting recording: /opt/ipcamera/recordings/2025-07-12/10-47-54.mp4
2025-07-12 10:47:55,788 - ERROR - FFmpeg error: ffmpeg version 6.1.1-3ubuntu5 Copyright (c) 2000-2023 the FFmpeg developers
  built with gcc 13 (Ubuntu 13.2.0-23ubuntu3)
  configuration: --prefix=/usr --extra-version=3ubuntu5 --toolchain=hardened --libdir=/usr/lib/aarch64-linux-gnu --incdir=/usr/include/aarch64-linux-gnu --arch=arm64 --enable-gpl --disable-stripping --disable-omx --enable-gnutls --enable-libaom --enable-libass --enable-libbs2b --enable-libcaca --enable-libcdio --enable-libcodec2 --enable-libdav1d --enable-libflite --enable-libfontconfig --enable-libfreetype --enable-libfribidi --enable-libglslang --enable-libgme --enable-libgsm --enable-libharfbuzz --enable-libmp3lame --enable-libmysofa --enable-libopenjpeg --enable-libopenmpt --enable-libopus --enable-librubberband --enable-libshine --enable-libsnappy --enable-libsoxr --enable-libspeex --enable-libtheora --enable-libtwolame --enable-libvidstab --enable-libvorbis --enable-libvpx --enable-libwebp --enable-libx265 --enable-libxml2 --enable-libxvid --enable-libzimg --enable-openal --enable-opencl --enable-opengl --disable-sndio --enable-libdc1394 --enable-libdrm --enable-libiec61883 --enable-chromaprint --enable-frei0r --enable-ladspa --enable-libbluray --enable-libjack --enable-libpulse --enable-librabbitmq --enable-librist --enable-libsrt --enable-libssh --enable-libsvtav1 --enable-libx264 --enable-libzmq --enable-libzvbi --enable-lv2 --enable-sdl2 --enable-libplacebo --enable-librav1e --enable-pocketsphinx --enable-librsvg --enable-libjxl --enable-shared
  libavutil      58. 29.100 / 58. 29.100
  libavcodec     60. 31.102 / 60. 31.102
  libavformat    60. 16.100 / 60. 16.100
  libavdevice    60.  3.100 / 60.  3.100
  libavfilter     9. 12.100 /  9. 12.100
  libswscale      7.  5.100 /  7.  5.100
  libswresample   4. 12.100 /  4. 12.100
  libpostproc    57.  3.100 / 57.  3.100
[tcp @ 0xaaaac4629d70] Connection to tcp://192.168.1.18:554?timeout=0 failed: Network is unreachable
[in#0 @ 0xaaaac4673f10] Error opening input: Network is unreachable
Error opening input file rtsp://192.168.1.18:554/1/h264major.
Error opening input files: Network is unreachable

2025-07-12 10:47:55,790 - WARNING - Recording failed, retrying in 30 seconds...
2025-07-12 10:48:25,793 - INFO - Starting recording: /opt/ipcamera/recordings/2025-07-12/10-48-25.mp4
2025-07-12 10:48:26,799 - ERROR - FFmpeg error: ffmpeg version 6.1.1-3ubuntu5 Copyright (c) 2000-2023 the FFmpeg developers
  built with gcc 13 (Ubuntu 13.2.0-23ubuntu3)
  configuration: --prefix=/usr --extra-version=3ubuntu5 --toolchain=hardened --libdir=/usr/lib/aarch64-linux-gnu --incdir=/usr/include/aarch64-linux-gnu --arch=arm64 --enable-gpl --disable-stripping --disable-omx --enable-gnutls --enable-libaom --enable-libass --enable-libbs2b --enable-libcaca --enable-libcdio --enable-libcodec2 --enable-libdav1d --enable-libflite --enable-libfontconfig --enable-libfreetype --enable-libfribidi --enable-libglslang --enable-libgme --enable-libgsm --enable-libharfbuzz --enable-libmp3lame --enable-libmysofa --enable-libopenjpeg --enable-libopenmpt --enable-libopus --enable-librubberband --enable-libshine --enable-libsnappy --enable-libsoxr --enable-libspeex --enable-libtheora --enable-libtwolame --enable-libvidstab --enable-libvorbis --enable-libvpx --enable-libwebp --enable-libx265 --enable-libxml2 --enable-libxvid --enable-libzimg --enable-openal --enable-opencl --enable-opengl --disable-sndio --enable-libdc1394 --enable-libdrm --enable-libiec61883 --enable-chromaprint --enable-frei0r --enable-ladspa --enable-libbluray --enable-libjack --enable-libpulse --enable-librabbitmq --enable-librist --enable-libsrt --enable-libssh --enable-libsvtav1 --enable-libx264 --enable-libzmq --enable-libzvbi --enable-lv2 --enable-sdl2 --enable-libplacebo --enable-librav1e --enable-pocketsphinx --enable-librsvg --enable-libjxl --enable-shared
  libavutil      58. 29.100 / 58. 29.100
  libavcodec     60. 31.102 / 60. 31.102
  libavformat    60. 16.100 / 60. 16.100
  libavdevice    60.  3.100 / 60.  3.100
  libavfilter     9. 12.100 /  9. 12.100
  libswscale      7.  5.100 /  7.  5.100
  libswresample   4. 12.100 /  4. 12.100
  libpostproc    57.  3.100 / 57.  3.100
[tcp @ 0xaaaaf4776d70] Connection to tcp://192.168.1.18:554?timeout=0 failed: Network is unreachable
[in#0 @ 0xaaaaf47c0f10] Error opening input: Network is unreachable
Error opening input file rtsp://192.168.1.18:554/1/h264major.
Error opening input files: Network is unreachable

2025-07-12 10:48:26,800 - WARNING - Recording failed, retrying in 30 seconds...
2025-07-12 10:48:56,804 - INFO - Starting recording: /opt/ipcamera/recordings/2025-07-12/10-48-56.mp4
2025-07-12 10:48:57,810 - ERROR - FFmpeg error: ffmpeg version 6.1.1-3ubuntu5 Copyright (c) 2000-2023 the FFmpeg developers
  built with gcc 13 (Ubuntu 13.2.0-23ubuntu3)
  configuration: --prefix=/usr --extra-version=3ubuntu5 --toolchain=hardened --libdir=/usr/lib/aarch64-linux-gnu --incdir=/usr/include/aarch64-linux-gnu --arch=arm64 --enable-gpl --disable-stripping --disable-omx --enable-gnutls --enable-libaom --enable-libass --enable-libbs2b --enable-libcaca --enable-libcdio --enable-libcodec2 --enable-libdav1d --enable-libflite --enable-libfontconfig --enable-libfreetype --enable-libfribidi --enable-libglslang --enable-libgme --enable-libgsm --enable-libharfbuzz --enable-libmp3lame --enable-libmysofa --enable-libopenjpeg --enable-libopenmpt --enable-libopus --enable-librubberband --enable-libshine --enable-libsnappy --enable-libsoxr --enable-libspeex --enable-libtheora --enable-libtwolame --enable-libvidstab --enable-libvorbis --enable-libvpx --enable-libwebp --enable-libx265 --enable-libxml2 --enable-libxvid --enable-libzimg --enable-openal --enable-opencl --enable-opengl --disable-sndio --enable-libdc1394 --enable-libdrm --enable-libiec61883 --enable-chromaprint --enable-frei0r --enable-ladspa --enable-libbluray --enable-libjack --enable-libpulse --enable-librabbitmq --enable-librist --enable-libsrt --enable-libssh --enable-libsvtav1 --enable-libx264 --enable-libzmq --enable-libzvbi --enable-lv2 --enable-sdl2 --enable-libplacebo --enable-librav1e --enable-pocketsphinx --enable-librsvg --enable-libjxl --enable-shared
  libavutil      58. 29.100 / 58. 29.100
  libavcodec     60. 31.102 / 60. 31.102
  libavformat    60. 16.100 / 60. 16.100
  libavdevice    60.  3.100 / 60.  3.100
  libavfilter     9. 12.100 /  9. 12.100
  libswscale      7.  5.100 /  7.  5.100
  libswresample   4. 12.100 /  4. 12.100
  libpostproc    57.  3.100 / 57.  3.100
[tcp @ 0xaaaad1caad70] Connection to tcp://192.168.1.18:554?timeout=0 failed: Network is unreachable
[in#0 @ 0xaaaad1cf4f10] Error opening input: Network is unreachable
Error opening input file rtsp://192.168.1.18:554/1/h264major.
Error opening input files: Network is unreachable

2025-07-12 10:48:57,811 - WARNING - Recording failed, retrying in 30 seconds...
2025-07-12 10:49:27,814 - INFO - Starting recording: /opt/ipcamera/recordings/2025-07-12/10-49-27.mp4
2025-07-12 10:49:28,819 - ERROR - FFmpeg error: ffmpeg version 6.1.1-3ubuntu5 Copyright (c) 2000-2023 the FFmpeg developers
  built with gcc 13 (Ubuntu 13.2.0-23ubuntu3)
  configuration: --prefix=/usr --extra-version=3ubuntu5 --toolchain=hardened --libdir=/usr/lib/aarch64-linux-gnu --incdir=/usr/include/aarch64-linux-gnu --arch=arm64 --enable-gpl --disable-stripping --disable-omx --enable-gnutls --enable-libaom --enable-libass --enable-libbs2b --enable-libcaca --enable-libcdio --enable-libcodec2 --enable-libdav1d --enable-libflite --enable-libfontconfig --enable-libfreetype --enable-libfribidi --enable-libglslang --enable-libgme --enable-libgsm --enable-libharfbuzz --enable-libmp3lame --enable-libmysofa --enable-libopenjpeg --enable-libopenmpt --enable-libopus --enable-librubberband --enable-libshine --enable-libsnappy --enable-libsoxr --enable-libspeex --enable-libtheora --enable-libtwolame --enable-libvidstab --enable-libvorbis --enable-libvpx --enable-libwebp --enable-libx265 --enable-libxml2 --enable-libxvid --enable-libzimg --enable-openal --enable-opencl --enable-opengl --disable-sndio --enable-libdc1394 --enable-libdrm --enable-libiec61883 --enable-chromaprint --enable-frei0r --enable-ladspa --enable-libbluray --enable-libjack --enable-libpulse --enable-librabbitmq --enable-librist --enable-libsrt --enable-libssh --enable-libsvtav1 --enable-libx264 --enable-libzmq --enable-libzvbi --enable-lv2 --enable-sdl2 --enable-libplacebo --enable-librav1e --enable-pocketsphinx --enable-librsvg --enable-libjxl --enable-shared
  libavutil      58. 29.100 / 58. 29.100
  libavcodec     60. 31.102 / 60. 31.102
  libavformat    60. 16.100 / 60. 16.100
  libavdevice    60.  3.100 / 60.  3.100
  libavfilter     9. 12.100 /  9. 12.100
  libswscale      7.  5.100 /  7.  5.100
  libswresample   4. 12.100 /  4. 12.100
  libpostproc    57.  3.100 / 57.  3.100
[tcp @ 0xaaaafe208d70] Connection to tcp://192.168.1.18:554?timeout=0 failed: Network is unreachable
[in#0 @ 0xaaaafe252f10] Error opening input: Network is unreachable
Error opening input file rtsp://192.168.1.18:554/1/h264major.
Error opening input files: Network is unreachable

2025-07-12 10:49:28,820 - WARNING - Recording failed, retrying in 30 seconds...
2025-07-12 10:49:58,825 - INFO - Starting recording: /opt/ipcamera/recordings/2025-07-12/10-49-58.mp4
2025-07-12 10:49:59,830 - ERROR - FFmpeg error: ffmpeg version 6.1.1-3ubuntu5 Copyright (c) 2000-2023 the FFmpeg developers
  built with gcc 13 (Ubuntu 13.2.0-23ubuntu3)
  configuration: --prefix=/usr --extra-version=3ubuntu5 --toolchain=hardened --libdir=/usr/lib/aarch64-linux-gnu --incdir=/usr/include/aarch64-linux-gnu --arch=arm64 --enable-gpl --disable-stripping --disable-omx --enable-gnutls --enable-libaom --enable-libass --enable-libbs2b --enable-libcaca --enable-libcdio --enable-libcodec2 --enable-libdav1d --enable-libflite --enable-libfontconfig --enable-libfreetype --enable-libfribidi --enable-libglslang --enable-libgme --enable-libgsm --enable-libharfbuzz --enable-libmp3lame --enable-libmysofa --enable-libopenjpeg --enable-libopenmpt --enable-libopus --enable-librubberband --enable-libshine --enable-libsnappy --enable-libsoxr --enable-libspeex --enable-libtheora --enable-libtwolame --enable-libvidstab --enable-libvorbis --enable-libvpx --enable-libwebp --enable-libx265 --enable-libxml2 --enable-libxvid --enable-libzimg --enable-openal --enable-opencl --enable-opengl --disable-sndio --enable-libdc1394 --enable-libdrm --enable-libiec61883 --enable-chromaprint --enable-frei0r --enable-ladspa --enable-libbluray --enable-libjack --enable-libpulse --enable-librabbitmq --enable-librist --enable-libsrt --enable-libssh --enable-libsvtav1 --enable-libx264 --enable-libzmq --enable-libzvbi --enable-lv2 --enable-sdl2 --enable-libplacebo --enable-librav1e --enable-pocketsphinx --enable-librsvg --enable-libjxl --enable-shared
  libavutil      58. 29.100 / 58. 29.100
  libavcodec     60. 31.102 / 60. 31.102
  libavformat    60. 16.100 / 60. 16.100
  libavdevice    60.  3.100 / 60.  3.100
  libavfilter     9. 12.100 /  9. 12.100
  libswscale      7.  5.100 /  7.  5.100
  libswresample   4. 12.100 /  4. 12.100
  libpostproc    57.  3.100 / 57.  3.100
[tcp @ 0xaaaaf3c37d70] Connection to tcp://192.168.1.18:554?timeout=0 failed: Network is unreachable
[in#0 @ 0xaaaaf3c81f10] Error opening input: Network is unreachable
Error opening input file rtsp://192.168.1.18:554/1/h264major.
Error opening input files: Network is unreachable

2025-07-12 10:49:59,831 - WARNING - Recording failed, retrying in 30 seconds...
2025-07-12 10:50:29,835 - INFO - Starting recording: /opt/ipcamera/recordings/2025-07-12/10-50-29.mp4
2025-07-12 10:54:45,454 - INFO - Received signal 15, shutting down...
2025-07-12 10:54:45,898 - INFO - Camera recorder stopped
2025-07-12 10:54:46,146 - INFO - Camera recorder starting...
2025-07-12 10:54:46,148 - INFO - Starting recording: /opt/ipcamera/recordings/2025-07-12/10-54-46.mp4
2025-07-12 16:28:49,818 - INFO - Received signal 15, shutting down...
2025-07-12 16:31:11,967 - INFO - Camera recorder starting...
2025-07-12 16:31:11,981 - INFO - Starting recording: /opt/ipcamera/recordings/2025-07-12/16-31-11.mp4
2025-07-12 16:32:12,857 - INFO - Camera recorder starting...
2025-07-12 16:32:12,867 - INFO - Starting recording: /opt/ipcamera/recordings/2025-07-12/16-32-12.mp4
2025-07-12 16:43:37,484 - INFO - Recording completed: /opt/ipcamera/recordings/2025-07-12/16-32-12.mp4
2025-07-12 16:43:37,487 - INFO - Starting recording: /opt/ipcamera/recordings/2025-07-12/16-43-37.mp4
2025-07-12 18:14:18,339 - INFO - Camera recorder starting...
2025-07-12 18:14:18,390 - INFO - Starting recording: /opt/ipcamera/recordings/2025-07-12/18-14-18.mp4
2025-07-12 18:17:19,105 - INFO - Camera recorder starting...
2025-07-12 18:17:19,124 - INFO - Starting recording: /opt/ipcamera/recordings/2025-07-12/18-17-19.mp4
2025-07-13 15:05:30,577 - INFO - Camera recorder starting...
2025-07-13 15:05:30,587 - INFO - Starting recording: /opt/ipcamera/recordings/2025-07-13/15-05-30.mp4
2025-07-13 15:14:02,026 - INFO - Camera recorder starting...
2025-07-13 15:14:02,060 - INFO - Starting recording: /opt/ipcamera/recordings/2025-07-13/15-14-02.mp4
2025-07-13 15:26:36,922 - INFO - Camera recorder starting...
2025-07-13 15:26:36,943 - INFO - Starting recording: /opt/ipcamera/recordings/2025-07-13/15-26-36.mp4
2025-07-13 15:26:41,963 - ERROR - FFmpeg error: ffmpeg version 6.1.1-3ubuntu5 Copyright (c) 2000-2023 the FFmpeg developers
  built with gcc 13 (Ubuntu 13.2.0-23ubuntu3)
  configuration: --prefix=/usr --extra-version=3ubuntu5 --toolchain=hardened --libdir=/usr/lib/aarch64-linux-gnu --incdir=/usr/include/aarch64-linux-gnu --arch=arm64 --enable-gpl --disable-stripping --disable-omx --enable-gnutls --enable-libaom --enable-libass --enable-libbs2b --enable-libcaca --enable-libcdio --enable-libcodec2 --enable-libdav1d --enable-libflite --enable-libfontconfig --enable-libfreetype --enable-libfribidi --enable-libglslang --enable-libgme --enable-libgsm --enable-libharfbuzz --enable-libmp3lame --enable-libmysofa --enable-libopenjpeg --enable-libopenmpt --enable-libopus --enable-librubberband --enable-libshine --enable-libsnappy --enable-libsoxr --enable-libspeex --enable-libtheora --enable-libtwolame --enable-libvidstab --enable-libvorbis --enable-libvpx --enable-libwebp --enable-libx265 --enable-libxml2 --enable-libxvid --enable-libzimg --enable-openal --enable-opencl --enable-opengl --disable-sndio --enable-libdc1394 --enable-libdrm --enable-libiec61883 --enable-chromaprint --enable-frei0r --enable-ladspa --enable-libbluray --enable-libjack --enable-libpulse --enable-librabbitmq --enable-librist --enable-libsrt --enable-libssh --enable-libsvtav1 --enable-libx264 --enable-libzmq --enable-libzvbi --enable-lv2 --enable-sdl2 --enable-libplacebo --enable-librav1e --enable-pocketsphinx --enable-librsvg --enable-libjxl --enable-shared
  libavutil      58. 29.100 / 58. 29.100
  libavcodec     60. 31.102 / 60. 31.102
  libavformat    60. 16.100 / 60. 16.100
  libavdevice    60.  3.100 / 60.  3.100
  libavfilter     9. 12.100 /  9. 12.100
  libswscale      7.  5.100 /  7.  5.100
  libswresample   4. 12.100 /  4. 12.100
  libpostproc    57.  3.100 / 57.  3.100
[tcp @ 0xaaaae8c40d70] Connection to tcp://192.168.1.18:554?timeout=0 failed: Network is unreachable
[in#0 @ 0xaaaae8c8af10] Error opening input: Network is unreachable
Error opening input file rtsp://192.168.1.18:554/1/h264major.
Error opening input files: Network is unreachable

2025-07-13 15:26:41,964 - WARNING - Recording failed, retrying in 30 seconds...
2025-07-13 15:27:11,966 - INFO - Starting recording: /opt/ipcamera/recordings/2025-07-13/15-27-11.mp4
2025-07-13 15:27:12,969 - ERROR - FFmpeg error: ffmpeg version 6.1.1-3ubuntu5 Copyright (c) 2000-2023 the FFmpeg developers
  built with gcc 13 (Ubuntu 13.2.0-23ubuntu3)
  configuration: --prefix=/usr --extra-version=3ubuntu5 --toolchain=hardened --libdir=/usr/lib/aarch64-linux-gnu --incdir=/usr/include/aarch64-linux-gnu --arch=arm64 --enable-gpl --disable-stripping --disable-omx --enable-gnutls --enable-libaom --enable-libass --enable-libbs2b --enable-libcaca --enable-libcdio --enable-libcodec2 --enable-libdav1d --enable-libflite --enable-libfontconfig --enable-libfreetype --enable-libfribidi --enable-libglslang --enable-libgme --enable-libgsm --enable-libharfbuzz --enable-libmp3lame --enable-libmysofa --enable-libopenjpeg --enable-libopenmpt --enable-libopus --enable-librubberband --enable-libshine --enable-libsnappy --enable-libsoxr --enable-libspeex --enable-libtheora --enable-libtwolame --enable-libvidstab --enable-libvorbis --enable-libvpx --enable-libwebp --enable-libx265 --enable-libxml2 --enable-libxvid --enable-libzimg --enable-openal --enable-opencl --enable-opengl --disable-sndio --enable-libdc1394 --enable-libdrm --enable-libiec61883 --enable-chromaprint --enable-frei0r --enable-ladspa --enable-libbluray --enable-libjack --enable-libpulse --enable-librabbitmq --enable-librist --enable-libsrt --enable-libssh --enable-libsvtav1 --enable-libx264 --enable-libzmq --enable-libzvbi --enable-lv2 --enable-sdl2 --enable-libplacebo --enable-librav1e --enable-pocketsphinx --enable-librsvg --enable-libjxl --enable-shared
  libavutil      58. 29.100 / 58. 29.100
  libavcodec     60. 31.102 / 60. 31.102
  libavformat    60. 16.100 / 60. 16.100
  libavdevice    60.  3.100 / 60.  3.100
  libavfilter     9. 12.100 /  9. 12.100
  libswscale      7.  5.100 /  7.  5.100
  libswresample   4. 12.100 /  4. 12.100
  libpostproc    57.  3.100 / 57.  3.100
[tcp @ 0xaaab0dfa7d70] Connection to tcp://192.168.1.18:554?timeout=0 failed: Network is unreachable
[in#0 @ 0xaaab0dff1f10] Error opening input: Network is unreachable
Error opening input file rtsp://192.168.1.18:554/1/h264major.
Error opening input files: Network is unreachable

2025-07-13 15:27:12,970 - WARNING - Recording failed, retrying in 30 seconds...
2025-07-13 15:27:37,065 - INFO - Camera recorder starting...
2025-07-13 15:27:37,098 - INFO - Starting recording: /opt/ipcamera/recordings/2025-07-13/15-27-37.mp4
2025-07-13 15:27:42,121 - ERROR - FFmpeg error: ffmpeg version 6.1.1-3ubuntu5 Copyright (c) 2000-2023 the FFmpeg developers
  built with gcc 13 (Ubuntu 13.2.0-23ubuntu3)
  configuration: --prefix=/usr --extra-version=3ubuntu5 --toolchain=hardened --libdir=/usr/lib/aarch64-linux-gnu --incdir=/usr/include/aarch64-linux-gnu --arch=arm64 --enable-gpl --disable-stripping --disable-omx --enable-gnutls --enable-libaom --enable-libass --enable-libbs2b --enable-libcaca --enable-libcdio --enable-libcodec2 --enable-libdav1d --enable-libflite --enable-libfontconfig --enable-libfreetype --enable-libfribidi --enable-libglslang --enable-libgme --enable-libgsm --enable-libharfbuzz --enable-libmp3lame --enable-libmysofa --enable-libopenjpeg --enable-libopenmpt --enable-libopus --enable-librubberband --enable-libshine --enable-libsnappy --enable-libsoxr --enable-libspeex --enable-libtheora --enable-libtwolame --enable-libvidstab --enable-libvorbis --enable-libvpx --enable-libwebp --enable-libx265 --enable-libxml2 --enable-libxvid --enable-libzimg --enable-openal --enable-opencl --enable-opengl --disable-sndio --enable-libdc1394 --enable-libdrm --enable-libiec61883 --enable-chromaprint --enable-frei0r --enable-ladspa --enable-libbluray --enable-libjack --enable-libpulse --enable-librabbitmq --enable-librist --enable-libsrt --enable-libssh --enable-libsvtav1 --enable-libx264 --enable-libzmq --enable-libzvbi --enable-lv2 --enable-sdl2 --enable-libplacebo --enable-librav1e --enable-pocketsphinx --enable-librsvg --enable-libjxl --enable-shared
  libavutil      58. 29.100 / 58. 29.100
  libavcodec     60. 31.102 / 60. 31.102
  libavformat    60. 16.100 / 60. 16.100
  libavdevice    60.  3.100 / 60.  3.100
  libavfilter     9. 12.100 /  9. 12.100
  libswscale      7.  5.100 /  7.  5.100
  libswresample   4. 12.100 /  4. 12.100
  libpostproc    57.  3.100 / 57.  3.100
[tcp @ 0xaaaab5201d70] Connection to tcp://192.168.1.18:554?timeout=0 failed: Network is unreachable
[in#0 @ 0xaaaab524bf10] Error opening input: Network is unreachable
Error opening input file rtsp://192.168.1.18:554/1/h264major.
Error opening input files: Network is unreachable

2025-07-13 15:27:42,122 - WARNING - Recording failed, retrying in 30 seconds...
2025-07-13 15:28:12,124 - INFO - Starting recording: /opt/ipcamera/recordings/2025-07-13/15-28-12.mp4
2025-07-13 15:28:13,127 - ERROR - FFmpeg error: ffmpeg version 6.1.1-3ubuntu5 Copyright (c) 2000-2023 the FFmpeg developers
  built with gcc 13 (Ubuntu 13.2.0-23ubuntu3)
  configuration: --prefix=/usr --extra-version=3ubuntu5 --toolchain=hardened --libdir=/usr/lib/aarch64-linux-gnu --incdir=/usr/include/aarch64-linux-gnu --arch=arm64 --enable-gpl --disable-stripping --disable-omx --enable-gnutls --enable-libaom --enable-libass --enable-libbs2b --enable-libcaca --enable-libcdio --enable-libcodec2 --enable-libdav1d --enable-libflite --enable-libfontconfig --enable-libfreetype --enable-libfribidi --enable-libglslang --enable-libgme --enable-libgsm --enable-libharfbuzz --enable-libmp3lame --enable-libmysofa --enable-libopenjpeg --enable-libopenmpt --enable-libopus --enable-librubberband --enable-libshine --enable-libsnappy --enable-libsoxr --enable-libspeex --enable-libtheora --enable-libtwolame --enable-libvidstab --enable-libvorbis --enable-libvpx --enable-libwebp --enable-libx265 --enable-libxml2 --enable-libxvid --enable-libzimg --enable-openal --enable-opencl --enable-opengl --disable-sndio --enable-libdc1394 --enable-libdrm --enable-libiec61883 --enable-chromaprint --enable-frei0r --enable-ladspa --enable-libbluray --enable-libjack --enable-libpulse --enable-librabbitmq --enable-librist --enable-libsrt --enable-libssh --enable-libsvtav1 --enable-libx264 --enable-libzmq --enable-libzvbi --enable-lv2 --enable-sdl2 --enable-libplacebo --enable-librav1e --enable-pocketsphinx --enable-librsvg --enable-libjxl --enable-shared
  libavutil      58. 29.100 / 58. 29.100
  libavcodec     60. 31.102 / 60. 31.102
  libavformat    60. 16.100 / 60. 16.100
  libavdevice    60.  3.100 / 60.  3.100
  libavfilter     9. 12.100 /  9. 12.100
  libswscale      7.  5.100 /  7.  5.100
  libswresample   4. 12.100 /  4. 12.100
  libpostproc    57.  3.100 / 57.  3.100
[tcp @ 0xaaaaf317bd70] Connection to tcp://192.168.1.18:554?timeout=0 failed: Network is unreachable
[in#0 @ 0xaaaaf31c5f10] Error opening input: Network is unreachable
Error opening input file rtsp://192.168.1.18:554/1/h264major.
Error opening input files: Network is unreachable

2025-07-13 15:28:13,128 - WARNING - Recording failed, retrying in 30 seconds...
2025-07-13 15:28:43,130 - INFO - Starting recording: /opt/ipcamera/recordings/2025-07-13/15-28-43.mp4
2025-07-13 15:28:44,133 - ERROR - FFmpeg error: ffmpeg version 6.1.1-3ubuntu5 Copyright (c) 2000-2023 the FFmpeg developers
  built with gcc 13 (Ubuntu 13.2.0-23ubuntu3)
  configuration: --prefix=/usr --extra-version=3ubuntu5 --toolchain=hardened --libdir=/usr/lib/aarch64-linux-gnu --incdir=/usr/include/aarch64-linux-gnu --arch=arm64 --enable-gpl --disable-stripping --disable-omx --enable-gnutls --enable-libaom --enable-libass --enable-libbs2b --enable-libcaca --enable-libcdio --enable-libcodec2 --enable-libdav1d --enable-libflite --enable-libfontconfig --enable-libfreetype --enable-libfribidi --enable-libglslang --enable-libgme --enable-libgsm --enable-libharfbuzz --enable-libmp3lame --enable-libmysofa --enable-libopenjpeg --enable-libopenmpt --enable-libopus --enable-librubberband --enable-libshine --enable-libsnappy --enable-libsoxr --enable-libspeex --enable-libtheora --enable-libtwolame --enable-libvidstab --enable-libvorbis --enable-libvpx --enable-libwebp --enable-libx265 --enable-libxml2 --enable-libxvid --enable-libzimg --enable-openal --enable-opencl --enable-opengl --disable-sndio --enable-libdc1394 --enable-libdrm --enable-libiec61883 --enable-chromaprint --enable-frei0r --enable-ladspa --enable-libbluray --enable-libjack --enable-libpulse --enable-librabbitmq --enable-librist --enable-libsrt --enable-libssh --enable-libsvtav1 --enable-libx264 --enable-libzmq --enable-libzvbi --enable-lv2 --enable-sdl2 --enable-libplacebo --enable-librav1e --enable-pocketsphinx --enable-librsvg --enable-libjxl --enable-shared
  libavutil      58. 29.100 / 58. 29.100
  libavcodec     60. 31.102 / 60. 31.102
  libavformat    60. 16.100 / 60. 16.100
  libavdevice    60.  3.100 / 60.  3.100
  libavfilter     9. 12.100 /  9. 12.100
  libswscale      7.  5.100 /  7.  5.100
  libswresample   4. 12.100 /  4. 12.100
  libpostproc    57.  3.100 / 57.  3.100
[tcp @ 0xaaaaf3cf2d70] Connection to tcp://192.168.1.18:554?timeout=0 failed: Network is unreachable
[in#0 @ 0xaaaaf3d3cf10] Error opening input: Network is unreachable
Error opening input file rtsp://192.168.1.18:554/1/h264major.
Error opening input files: Network is unreachable

2025-07-13 15:28:44,133 - WARNING - Recording failed, retrying in 30 seconds...
2025-07-13 15:29:14,137 - INFO - Starting recording: /opt/ipcamera/recordings/2025-07-13/15-29-14.mp4
2025-07-13 15:29:15,142 - ERROR - FFmpeg error: ffmpeg version 6.1.1-3ubuntu5 Copyright (c) 2000-2023 the FFmpeg developers
  built with gcc 13 (Ubuntu 13.2.0-23ubuntu3)
  configuration: --prefix=/usr --extra-version=3ubuntu5 --toolchain=hardened --libdir=/usr/lib/aarch64-linux-gnu --incdir=/usr/include/aarch64-linux-gnu --arch=arm64 --enable-gpl --disable-stripping --disable-omx --enable-gnutls --enable-libaom --enable-libass --enable-libbs2b --enable-libcaca --enable-libcdio --enable-libcodec2 --enable-libdav1d --enable-libflite --enable-libfontconfig --enable-libfreetype --enable-libfribidi --enable-libglslang --enable-libgme --enable-libgsm --enable-libharfbuzz --enable-libmp3lame --enable-libmysofa --enable-libopenjpeg --enable-libopenmpt --enable-libopus --enable-librubberband --enable-libshine --enable-libsnappy --enable-libsoxr --enable-libspeex --enable-libtheora --enable-libtwolame --enable-libvidstab --enable-libvorbis --enable-libvpx --enable-libwebp --enable-libx265 --enable-libxml2 --enable-libxvid --enable-libzimg --enable-openal --enable-opencl --enable-opengl --disable-sndio --enable-libdc1394 --enable-libdrm --enable-libiec61883 --enable-chromaprint --enable-frei0r --enable-ladspa --enable-libbluray --enable-libjack --enable-libpulse --enable-librabbitmq --enable-librist --enable-libsrt --enable-libssh --enable-libsvtav1 --enable-libx264 --enable-libzmq --enable-libzvbi --enable-lv2 --enable-sdl2 --enable-libplacebo --enable-librav1e --enable-pocketsphinx --enable-librsvg --enable-libjxl --enable-shared
  libavutil      58. 29.100 / 58. 29.100
  libavcodec     60. 31.102 / 60. 31.102
  libavformat    60. 16.100 / 60. 16.100
  libavdevice    60.  3.100 / 60.  3.100
  libavfilter     9. 12.100 /  9. 12.100
  libswscale      7.  5.100 /  7.  5.100
  libswresample   4. 12.100 /  4. 12.100
  libpostproc    57.  3.100 / 57.  3.100
[tcp @ 0xaaaae3fa2d70] Connection to tcp://192.168.1.18:554?timeout=0 failed: Network is unreachable
[in#0 @ 0xaaaae3fecf10] Error opening input: Network is unreachable
Error opening input file rtsp://192.168.1.18:554/1/h264major.
Error opening input files: Network is unreachable

2025-07-13 15:29:15,144 - WARNING - Recording failed, retrying in 30 seconds...
2025-07-13 15:29:45,148 - INFO - Starting recording: /opt/ipcamera/recordings/2025-07-13/15-29-45.mp4
2025-07-13 15:29:48,153 - ERROR - FFmpeg error: ffmpeg version 6.1.1-3ubuntu5 Copyright (c) 2000-2023 the FFmpeg developers
  built with gcc 13 (Ubuntu 13.2.0-23ubuntu3)
  configuration: --prefix=/usr --extra-version=3ubuntu5 --toolchain=hardened --libdir=/usr/lib/aarch64-linux-gnu --incdir=/usr/include/aarch64-linux-gnu --arch=arm64 --enable-gpl --disable-stripping --disable-omx --enable-gnutls --enable-libaom --enable-libass --enable-libbs2b --enable-libcaca --enable-libcdio --enable-libcodec2 --enable-libdav1d --enable-libflite --enable-libfontconfig --enable-libfreetype --enable-libfribidi --enable-libglslang --enable-libgme --enable-libgsm --enable-libharfbuzz --enable-libmp3lame --enable-libmysofa --enable-libopenjpeg --enable-libopenmpt --enable-libopus --enable-librubberband --enable-libshine --enable-libsnappy --enable-libsoxr --enable-libspeex --enable-libtheora --enable-libtwolame --enable-libvidstab --enable-libvorbis --enable-libvpx --enable-libwebp --enable-libx265 --enable-libxml2 --enable-libxvid --enable-libzimg --enable-openal --enable-opencl --enable-opengl --disable-sndio --enable-libdc1394 --enable-libdrm --enable-libiec61883 --enable-chromaprint --enable-frei0r --enable-ladspa --enable-libbluray --enable-libjack --enable-libpulse --enable-librabbitmq --enable-librist --enable-libsrt --enable-libssh --enable-libsvtav1 --enable-libx264 --enable-libzmq --enable-libzvbi --enable-lv2 --enable-sdl2 --enable-libplacebo --enable-librav1e --enable-pocketsphinx --enable-librsvg --enable-libjxl --enable-shared
  libavutil      58. 29.100 / 58. 29.100
  libavcodec     60. 31.102 / 60. 31.102
  libavformat    60. 16.100 / 60. 16.100
  libavdevice    60.  3.100 / 60.  3.100
  libavfilter     9. 12.100 /  9. 12.100
  libswscale      7.  5.100 /  7.  5.100
  libswresample   4. 12.100 /  4. 12.100
  libpostproc    57.  3.100 / 57.  3.100
[tcp @ 0xaaaac5f69d70] Connection to tcp://192.168.1.18:554?timeout=0 failed: Connection refused
[in#0 @ 0xaaaac5fb3f10] Error opening input: Connection refused
Error opening input file rtsp://192.168.1.18:554/1/h264major.
Error opening input files: Connection refused

2025-07-13 15:29:48,154 - WARNING - Recording failed, retrying in 30 seconds...
2025-07-13 15:30:18,157 - INFO - Starting recording: /opt/ipcamera/recordings/2025-07-13/15-30-18.mp4
2025-07-13 15:41:02,308 - INFO - Recording completed: /opt/ipcamera/recordings/2025-07-13/15-30-18.mp4
2025-07-13 15:41:02,315 - INFO - Starting recording: /opt/ipcamera/recordings/2025-07-13/15-41-02.mp4
2025-07-13 15:48:57,063 - INFO - Camera recorder starting...
2025-07-13 15:48:57,089 - INFO - Starting recording: /opt/ipcamera/recordings/2025-07-13/15-48-57.mp4
2025-07-13 15:59:02,262 - INFO - Recording completed: /opt/ipcamera/recordings/2025-07-13/15-48-57.mp4
2025-07-13 15:59:02,267 - INFO - Starting recording: /opt/ipcamera/recordings/2025-07-13/15-59-02.mp4
2025-07-13 16:08:07,024 - INFO - Camera recorder starting...
2025-07-13 16:08:07,067 - INFO - Starting recording: /opt/ipcamera/recordings/2025-07-13/16-08-07.mp4
2025-07-13 16:14:09,639 - INFO - Camera recorder starting...
2025-07-13 16:14:09,665 - INFO - Starting recording: /opt/ipcamera/recordings/2025-07-13/16-14-09.mp4
2025-07-13 16:15:12,855 - INFO - Camera recorder starting...
2025-07-13 16:15:12,883 - INFO - Starting recording: /opt/ipcamera/recordings/2025-07-13/16-15-12.mp4
2025-07-13 16:25:18,050 - INFO - Recording completed: /opt/ipcamera/recordings/2025-07-13/16-15-12.mp4
2025-07-13 16:25:18,055 - INFO - Starting recording: /opt/ipcamera/recordings/2025-07-13/16-25-18.mp4
2025-07-13 16:35:20,198 - INFO - Recording completed: /opt/ipcamera/recordings/2025-07-13/16-25-18.mp4
2025-07-13 16:35:20,203 - INFO - Starting recording: /opt/ipcamera/recordings/2025-07-13/16-35-20.mp4
2025-07-13 17:00:39,636 - INFO - Camera recorder starting...
2025-07-13 17:00:39,671 - INFO - Starting recording: /opt/ipcamera/recordings/2025-07-13/17-00-39.mp4
2025-07-13 17:40:35,362 - INFO - Camera recorder starting...
2025-07-13 17:40:35,393 - INFO - Starting recording: /opt/ipcamera/recordings/2025-07-13/17-40-35.mp4
2025-07-13 17:53:33,774 - INFO - Recording completed: /opt/ipcamera/recordings/2025-07-13/17-40-35.mp4
2025-07-13 17:53:33,782 - INFO - Starting recording: /opt/ipcamera/recordings/2025-07-13/17-53-33.mp4
2025-07-13 18:03:35,930 - INFO - Recording completed: /opt/ipcamera/recordings/2025-07-13/17-53-33.mp4
2025-07-13 18:03:35,935 - INFO - Starting recording: /opt/ipcamera/recordings/2025-07-13/18-03-35.mp4
2025-07-13 18:13:38,083 - ERROR - Recording error: [Errno 2] No such file or directory: '/opt/ipcamera/recordings/2025-07-13/metadata.json'
2025-07-13 18:13:38,085 - WARNING - Recording failed, retrying in 30 seconds...
