Sat Jul  5 08:10:42 PM EDT 2025: IP Camera system started
Sat Jul  5 08:10:42 PM EDT 2025: IP Camera system started
Sat Jul  5 09:07:49 PM EDT 2025: IP Camera system started
Sat Jul  5 09:07:49 PM EDT 2025: IP Camera system started
Sat Jul  5 09:07:49 PM EDT 2025: IP Camera system started
Sat Jul  5 09:13:21 PM EDT 2025: IP Camera system started
Sat Jul  5 09:13:21 PM EDT 2025: IP Camera system started
Sat Jul  5 09:13:21 PM EDT 2025: IP Camera system started
Sat Jul  5 09:24:02 PM EDT 2025: IP Camera system started
Sat Jul  5 09:24:02 PM EDT 2025: IP Camera system started
Sat Jul  5 09:24:02 PM EDT 2025: IP Camera system started
Sat Jul  5 09:34:10 PM EDT 2025: IP Camera system started
Sat Jul  5 09:34:10 PM EDT 2025: IP Camera system started
Sat Jul  5 09:34:10 PM EDT 2025: IP Camera system started
Sun Jul  6 01:24:22 PM EDT 2025: IP Camera system started
Sun Jul  6 01:24:22 PM EDT 2025: IP Camera system started
Sun Jul  6 01:24:22 PM EDT 2025: IP Camera system started
Tue Jul  8 09:18:10 PM EDT 2025: IP Camera system started
Tue Jul  8 09:18:10 PM EDT 2025: IP Camera system started
Tue Jul  8 09:18:10 PM EDT 2025: IP Camera system started
Fri Jul 11 04:44:22 PM EDT 2025: IP Camera system started
Fri Jul 11 04:44:22 PM EDT 2025: IP Camera system started
Fri Jul 11 04:44:22 PM EDT 2025: IP Camera system started
Sat Jul 12 04:31:36 PM EDT 2025: IP Camera system started
Sat Jul 12 04:31:36 PM EDT 2025: IP Camera system started
Sat Jul 12 04:31:36 PM EDT 2025: IP Camera system started
Sat Jul 12 04:32:39 PM EDT 2025: IP Camera system started
Sat Jul 12 04:32:39 PM EDT 2025: IP Camera system started
Sat Jul 12 04:32:39 PM EDT 2025: IP Camera system started
Sat Jul 12 06:14:42 PM EDT 2025: IP Camera system started
Sat Jul 12 06:14:42 PM EDT 2025: IP Camera system started
Sat Jul 12 06:14:42 PM EDT 2025: IP Camera system started
Sat Jul 12 06:17:44 PM EDT 2025: IP Camera system started
Sat Jul 12 06:17:44 PM EDT 2025: IP Camera system started
Sat Jul 12 06:17:44 PM EDT 2025: IP Camera system started
Sun Jul 13 03:05:56 PM EDT 2025: IP Camera system started
Sun Jul 13 03:05:56 PM EDT 2025: IP Camera system started
Sun Jul 13 03:05:56 PM EDT 2025: IP Camera system started
Sun Jul 13 03:14:28 PM EDT 2025: IP Camera system started
Sun Jul 13 03:14:28 PM EDT 2025: IP Camera system started
Sun Jul 13 03:14:28 PM EDT 2025: IP Camera system started
Sun Jul 13 03:27:01 PM EDT 2025: IP Camera system started
Sun Jul 13 03:27:01 PM EDT 2025: IP Camera system started
Sun Jul 13 03:27:01 PM EDT 2025: IP Camera system started
Sun Jul 13 03:28:01 PM EDT 2025: IP Camera system started
Sun Jul 13 03:28:01 PM EDT 2025: IP Camera system started
Sun Jul 13 03:28:01 PM EDT 2025: IP Camera system started
Sun Jul 13 03:49:21 PM EDT 2025: IP Camera system started
Sun Jul 13 03:49:21 PM EDT 2025: IP Camera system started
Sun Jul 13 03:49:21 PM EDT 2025: IP Camera system started
Sun Jul 13 04:08:32 PM EDT 2025: IP Camera system started
Sun Jul 13 04:08:32 PM EDT 2025: IP Camera system started
Sun Jul 13 04:08:32 PM EDT 2025: IP Camera system started
Sun Jul 13 04:14:34 PM EDT 2025: IP Camera system started
Sun Jul 13 04:14:34 PM EDT 2025: IP Camera system started
Sun Jul 13 04:14:34 PM EDT 2025: IP Camera system started
Sun Jul 13 04:15:39 PM EDT 2025: IP Camera system started
Sun Jul 13 04:15:39 PM EDT 2025: IP Camera system started
Sun Jul 13 04:15:39 PM EDT 2025: IP Camera system started
Sun Jul 13 05:01:04 PM EDT 2025: IP Camera system started
Sun Jul 13 05:01:04 PM EDT 2025: IP Camera system started
Sun Jul 13 05:01:04 PM EDT 2025: IP Camera system started
Sun Jul 13 05:41:01 PM EDT 2025: IP Camera system started
Sun Jul 13 05:41:01 PM EDT 2025: IP Camera system started
Sun Jul 13 05:41:01 PM EDT 2025: IP Camera system started
